Copyright 1986-2022 Xilinx, Inc. All Rights Reserved. Copyright 2022-2025 Advanced Micro Devices, Inc. All Rights Reserved.
---------------------------------------------------------------------------------------------------------------------------------------------
| Tool Version : Vivado v.2025.2 (win64) Build 6299465 Fri Nov 14 19:35:11 GMT 2025
| Date         : Tue Mar 31 10:54:08 2026
| Host         : DESKTOP-VFFUGOP running 64-bit major release  (build 9200)
| Command      : report_control_sets -verbose -file toplevel_control_sets_placed.rpt
| Design       : toplevel
| Device       : xc7z020
---------------------------------------------------------------------------------------------------------------------------------------------

Control Set Information

Table of Contents
-----------------
1. Summary
2. Histogram
3. Flip-Flop Distribution
4. Detailed Control Set Information

1. Summary
----------

+----------------------------------------------------------+-------+
|                          Status                          | Count |
+----------------------------------------------------------+-------+
| Total control sets                                       |    18 |
|    Minimum number of control sets                        |    18 |
|    Addition due to synthesis replication                 |     0 |
|    Addition due to physical synthesis replication        |     0 |
| Unused register locations in slices containing registers |    57 |
+----------------------------------------------------------+-------+
* Control sets can be merged at opt_design using control_set_merge or merge_equivalent_drivers
** Run report_qor_suggestions for automated merging and remapping suggestions


2. Histogram
------------

+--------------------+-------+
|       Fanout       | Count |
+--------------------+-------+
| Total control sets |    18 |
| >= 0 to < 4        |     7 |
| >= 4 to < 6        |     2 |
| >= 6 to < 8        |     1 |
| >= 8 to < 10       |     4 |
| >= 10 to < 12      |     0 |
| >= 12 to < 14      |     1 |
| >= 14 to < 16      |     0 |
| >= 16              |     3 |
+--------------------+-------+
* Control sets can be remapped at either synth_design or opt_design


3. Flip-Flop Distribution
-------------------------

+--------------+-----------------------+------------------------+-----------------+--------------+
| Clock Enable | Synchronous Set/Reset | Asynchronous Set/Reset | Total Registers | Total Slices |
+--------------+-----------------------+------------------------+-----------------+--------------+
| No           | No                    | No                     |              57 |           20 |
| No           | No                    | Yes                    |               0 |            0 |
| No           | Yes                   | No                     |              20 |            9 |
| Yes          | No                    | No                     |              21 |            6 |
| Yes          | No                    | Yes                    |               0 |            0 |
| Yes          | Yes                   | No                     |              21 |            7 |
+--------------+-----------------------+------------------------+-----------------+--------------+


4. Detailed Control Set Information
-----------------------------------

+---------------------+-----------------------------------+-----------------------------+------------------+----------------+--------------+
|     Clock Signal    |           Enable Signal           |       Set/Reset Signal      | Slice Load Count | Bel Load Count | Bels / Slice |
+---------------------+-----------------------------------+-----------------------------+------------------+----------------+--------------+
|  test_clk_OBUF_BUFG |                                   | data_inter0                 |                1 |              1 |         1.00 |
|  test_clk_OBUF_BUFG | clk_inter0                        |                             |                1 |              1 |         1.00 |
|  test_clk_OBUF_BUFG | data_inter0                       |                             |                1 |              1 |         1.00 |
| ~test_clk_OBUF_BUFG |                                   |                             |                1 |              1 |         1.00 |
|  test_clk_OBUF_BUFG | processzor/flag_enable            | processzor/internal_reset   |                2 |              2 |         1.00 |
|  test_clk_OBUF_BUFG | sel                               | data_inter0                 |                1 |              3 |         3.00 |
| ~test_clk_OBUF_BUFG | processzor/E[0]                   |                             |                1 |              3 |         3.00 |
|  test_clk_OBUF_BUFG | clk_count[4]_i_1_n_0              | clk_inter0                  |                1 |              4 |         4.00 |
|  test_clk_OBUF_BUFG |                                   | processzor/active_interrupt |                3 |              5 |         1.67 |
|  test_clk_OBUF_BUFG |                                   | processzor/internal_reset   |                3 |              6 |         2.00 |
|  test_clk_OBUF_BUFG |                                   | memoria/instruction[7]      |                2 |              8 |         4.00 |
|  test_clk_OBUF_BUFG | processzor/spm_enable             |                             |                2 |              8 |         4.00 |
| ~test_clk_OBUF_BUFG | processzor/write_strobe_flop_0[0] |                             |                1 |              8 |         8.00 |
| ~test_clk_OBUF_BUFG | processzor/write_strobe_flop_1[0] |                             |                2 |              8 |         4.00 |
|  test_clk_OBUF_BUFG | processzor/WE                     | processzor/internal_reset   |                3 |             12 |         4.00 |
|  test_clk_OBUF_BUFG | processzor/WE                     |                             |                2 |             16 |         8.00 |
|  test_clk_OBUF_BUFG | processzor/register_enable        |                             |                2 |             16 |         8.00 |
|  test_clk_OBUF_BUFG |                                   |                             |               19 |             56 |         2.95 |
+---------------------+-----------------------------------+-----------------------------+------------------+----------------+--------------+


