
*** Running vivado
    with args -log toplevel.vds -m64 -product Vivado -mode batch -messageDb vivado.pb -notrace -source toplevel.tcl



****** Vivado v2025.2 (64-bit)
  **** SW Build 6299465 on Fri Nov 14 19:35:11 GMT 2025
  **** IP Build 6300035 on Fri Nov 14 10:48:45 MST 2025
  **** SharedData Build 6298862 on Thu Nov 13 04:50:51 MST 2025
  **** Start of session at: Mon Apr 27 09:14:34 2026
    ** Copyright 1986-2022 Xilinx, Inc. All Rights Reserved.
    ** Copyright 2022-2025 Advanced Micro Devices, Inc. All Rights Reserved.

source toplevel.tcl -notrace
create_project: Time (s): cpu = 00:00:13 ; elapsed = 00:00:09 . Memory (MB): peak = 565.855 ; gain = 223.129
Command: read_checkpoint -auto_incremental -incremental C:/Users/wqewqe/School/PersonalCPU/PersonalCPU.srcs/utils_1/imports/synth_1/Mux.dcp
INFO: [Vivado 12-5825] Read reference checkpoint from C:/Users/wqewqe/School/PersonalCPU/PersonalCPU.srcs/utils_1/imports/synth_1/Mux.dcp for incremental synthesis
INFO: [Vivado 12-7989] Please ensure there are no constraint changes
Command: synth_design -top toplevel -part xc7z020clg400-1
Starting synth_design
Attempting to get a license for feature 'Synthesis' and/or device 'xc7z020'
INFO: [Common 17-349] Got license for feature 'Synthesis' and/or device 'xc7z020'
INFO: [Device 21-403] Loading part xc7z020clg400-1
INFO: [Designutils 20-5440] No compile time benefit to using incremental synthesis; A full resynthesis will be run
INFO: [Designutils 20-4379] Flow is switching to default flow due to incremental criteria not met. If you would like to alter this behaviour and have the flow terminate instead, please set the following parameter config_implementation {autoIncr.Synth.RejectBehavior Terminate}
INFO: [Synth 8-7079] Multithreading enabled for synth_design using a maximum of 2 processes.
INFO: [Synth 8-7078] Launching helper process for spawning children vivado processes
INFO: [Synth 8-7075] Helper process launched with PID 7828
---------------------------------------------------------------------------------
Starting RTL Elaboration : Time (s): cpu = 00:00:09 ; elapsed = 00:00:10 . Memory (MB): peak = 1343.168 ; gain = 544.586
---------------------------------------------------------------------------------
INFO: [Synth 8-638] synthesizing module 'toplevel' [C:/Users/wqewqe/School/PersonalCPU/PersonalCPU.srcs/sources_1/imports/Downloads/toplevel.vhd:29]
INFO: [Synth 8-3491] module 'CPU' declared at 'C:/Users/wqewqe/School/PersonalCPU/PersonalCPU.srcs/sources_1/new/CPU.vhd:35' bound to instance 'processor' of component 'CPU' [C:/Users/wqewqe/School/PersonalCPU/PersonalCPU.srcs/sources_1/imports/Downloads/toplevel.vhd:146]
INFO: [Synth 8-638] synthesizing module 'CPU' [C:/Users/wqewqe/School/PersonalCPU/PersonalCPU.srcs/sources_1/new/CPU.vhd:49]
INFO: [Synth 8-3491] module 'RegisterBlock' declared at 'C:/Users/wqewqe/School/PersonalCPU/PersonalCPU.srcs/sources_1/new/RegisterBlock.vhd:37' bound to instance 'RegisterBlock_inst' of component 'RegisterBlock' [C:/Users/wqewqe/School/PersonalCPU/PersonalCPU.srcs/sources_1/new/CPU.vhd:188]
INFO: [Synth 8-638] synthesizing module 'RegisterBlock' [C:/Users/wqewqe/School/PersonalCPU/PersonalCPU.srcs/sources_1/new/RegisterBlock.vhd:48]
INFO: [Synth 8-256] done synthesizing module 'RegisterBlock' (0#1) [C:/Users/wqewqe/School/PersonalCPU/PersonalCPU.srcs/sources_1/new/RegisterBlock.vhd:48]
INFO: [Synth 8-3491] module 'PortLogic' declared at 'C:/Users/wqewqe/School/PersonalCPU/PersonalCPU.srcs/sources_1/new/PortLogic.vhd:37' bound to instance 'PortLogic_inst' of component 'PortLogic' [C:/Users/wqewqe/School/PersonalCPU/PersonalCPU.srcs/sources_1/new/CPU.vhd:201]
INFO: [Synth 8-638] synthesizing module 'PortLogic' [C:/Users/wqewqe/School/PersonalCPU/PersonalCPU.srcs/sources_1/new/PortLogic.vhd:54]
INFO: [Synth 8-256] done synthesizing module 'PortLogic' (0#1) [C:/Users/wqewqe/School/PersonalCPU/PersonalCPU.srcs/sources_1/new/PortLogic.vhd:54]
INFO: [Synth 8-3491] module 'PFC' declared at 'C:/Users/wqewqe/School/PersonalCPU/PersonalCPU.srcs/sources_1/imports/Downloads/PFC.vhd:34' bound to instance 'PFC_inst' of component 'PFC' [C:/Users/wqewqe/School/PersonalCPU/PersonalCPU.srcs/sources_1/new/CPU.vhd:220]
INFO: [Synth 8-638] synthesizing module 'PFC' [C:/Users/wqewqe/School/PersonalCPU/PersonalCPU.srcs/sources_1/imports/Downloads/PFC.vhd:58]
INFO: [Synth 8-256] done synthesizing module 'PFC' (0#1) [C:/Users/wqewqe/School/PersonalCPU/PersonalCPU.srcs/sources_1/imports/Downloads/PFC.vhd:58]
INFO: [Synth 8-3491] module 'Mux' declared at 'C:/Users/wqewqe/School/PersonalCPU/PersonalCPU.srcs/sources_1/new/Mux.vhd:34' bound to instance 'Mux_inst' of component 'Mux' [C:/Users/wqewqe/School/PersonalCPU/PersonalCPU.srcs/sources_1/new/CPU.vhd:245]
INFO: [Synth 8-638] synthesizing module 'Mux' [C:/Users/wqewqe/School/PersonalCPU/PersonalCPU.srcs/sources_1/new/Mux.vhd:44]
WARNING: [Synth 8-614] signal 'DataMemOut' is read in the process but is not in the sensitivity list [C:/Users/wqewqe/School/PersonalCPU/PersonalCPU.srcs/sources_1/new/Mux.vhd:47]
WARNING: [Synth 8-614] signal 'PortIntoCPU' is read in the process but is not in the sensitivity list [C:/Users/wqewqe/School/PersonalCPU/PersonalCPU.srcs/sources_1/new/Mux.vhd:47]
WARNING: [Synth 8-614] signal 'ALUresult' is read in the process but is not in the sensitivity list [C:/Users/wqewqe/School/PersonalCPU/PersonalCPU.srcs/sources_1/new/Mux.vhd:47]
WARNING: [Synth 8-614] signal 'KK_const' is read in the process but is not in the sensitivity list [C:/Users/wqewqe/School/PersonalCPU/PersonalCPU.srcs/sources_1/new/Mux.vhd:47]
WARNING: [Synth 8-614] signal 'DataOut_Y' is read in the process but is not in the sensitivity list [C:/Users/wqewqe/School/PersonalCPU/PersonalCPU.srcs/sources_1/new/Mux.vhd:47]
INFO: [Synth 8-256] done synthesizing module 'Mux' (0#1) [C:/Users/wqewqe/School/PersonalCPU/PersonalCPU.srcs/sources_1/new/Mux.vhd:44]
INFO: [Synth 8-3491] module 'IfAndDec' declared at 'C:/Users/wqewqe/School/PersonalCPU/PersonalCPU.srcs/sources_1/new/IfAndDec.vhd:34' bound to instance 'IfAndDec_inst' of component 'IfAndDec' [C:/Users/wqewqe/School/PersonalCPU/PersonalCPU.srcs/sources_1/new/CPU.vhd:257]
INFO: [Synth 8-638] synthesizing module 'IfAndDec' [C:/Users/wqewqe/School/PersonalCPU/PersonalCPU.srcs/sources_1/new/IfAndDec.vhd:49]
INFO: [Synth 8-256] done synthesizing module 'IfAndDec' (0#1) [C:/Users/wqewqe/School/PersonalCPU/PersonalCPU.srcs/sources_1/new/IfAndDec.vhd:49]
INFO: [Synth 8-3491] module 'DataMemory' declared at 'C:/Users/wqewqe/School/PersonalCPU/PersonalCPU.srcs/sources_1/new/DataMemory.vhd:35' bound to instance 'DataMemory_inst' of component 'DataMemory' [C:/Users/wqewqe/School/PersonalCPU/PersonalCPU.srcs/sources_1/new/CPU.vhd:274]
INFO: [Synth 8-638] synthesizing module 'DataMemory' [C:/Users/wqewqe/School/PersonalCPU/PersonalCPU.srcs/sources_1/new/DataMemory.vhd:47]
INFO: [Synth 8-256] done synthesizing module 'DataMemory' (0#1) [C:/Users/wqewqe/School/PersonalCPU/PersonalCPU.srcs/sources_1/new/DataMemory.vhd:47]
INFO: [Synth 8-3491] module 'ALU' declared at 'C:/Users/wqewqe/School/PersonalCPU/PersonalCPU.srcs/sources_1/new/ALU.vhd:38' bound to instance 'ALU_inst' of component 'ALU' [C:/Users/wqewqe/School/PersonalCPU/PersonalCPU.srcs/sources_1/new/CPU.vhd:288]
INFO: [Synth 8-638] synthesizing module 'ALU' [C:/Users/wqewqe/School/PersonalCPU/PersonalCPU.srcs/sources_1/new/ALU.vhd:52]
INFO: [Synth 8-256] done synthesizing module 'ALU' (0#1) [C:/Users/wqewqe/School/PersonalCPU/PersonalCPU.srcs/sources_1/new/ALU.vhd:52]
INFO: [Synth 8-256] done synthesizing module 'CPU' (0#1) [C:/Users/wqewqe/School/PersonalCPU/PersonalCPU.srcs/sources_1/new/CPU.vhd:49]
	Parameter C_FAMILY bound to: 7S - type: string 
	Parameter C_RAM_SIZE_KWORDS bound to: 2 - type: integer 
	Parameter C_JTAG_LOADER_ENABLE bound to: 0 - type: integer 
INFO: [Synth 8-3491] module 'prog_memory' declared at 'C:/Users/wqewqe/School/PersonalCPU/PersonalCPU.srcs/sources_1/imports/Downloads/prog_memory.vhd:132' bound to instance 'mem' of component 'prog_memory' [C:/Users/wqewqe/School/PersonalCPU/PersonalCPU.srcs/sources_1/imports/Downloads/toplevel.vhd:161]
INFO: [Synth 8-638] synthesizing module 'prog_memory' [C:/Users/wqewqe/School/PersonalCPU/PersonalCPU.srcs/sources_1/imports/Downloads/prog_memory.vhd:143]
	Parameter C_FAMILY bound to: 7S - type: string 
	Parameter C_RAM_SIZE_KWORDS bound to: 2 - type: integer 
	Parameter C_JTAG_LOADER_ENABLE bound to: 0 - type: integer 
	Parameter DOA_REG bound to: 0 - type: integer 
	Parameter DOB_REG bound to: 0 - type: integer 
	Parameter EN_ECC_READ bound to: 0 - type: bool 
	Parameter EN_ECC_WRITE bound to: 0 - type: bool 
	Parameter INITP_00 bound to: 256'b1101001001001101011101110111010010110101010000001011010100001011010100001010001000100010101000100010001010101000101000101000101010101010010010001001000110001101110110100000101000001101100010100010100000110110100000110101100011011101110100110110100000000000 
	Parameter INITP_01 bound to: 256'b0010001000100010001000100010001000100010001000100010001000100010001011011101110111011101110111011101110111011101110111011101110111011101110111011101110111011101110111011101110111011101110111011101110111011101110111011101110111011000100010001000110110001101 
	Parameter INITP_02 bound to: 256'b0000000000000000000000000000000000000000000000000000000000000000000000000000000000000000000000000000000000000000000000000000000000000000000000000000000000000000001000100010001000100010001000100010001000100010001000100010001000100010001000100010001000100010 
	Parameter INITP_03 bound to: 256'b0000000000000000000000000000000000000000000000000000000000000000000000000000000000000000000000000000000000000000000000000000000000000000000000000000000000000000000000000000000000000000000000000000000000000000000000000000000000000000000000000000000000000000 
	Parameter INITP_04 bound to: 256'b0000000000000000000000000000000000000000000000000000000000000000000000000000000000000000000000000000000000000000000000000000000000000000000000000000000000000000000000000000000000000000000000000000000000000000000000000000000000000000000000000000000000000000 
	Parameter INITP_05 bound to: 256'b0000000000000000000000000000000000000000000000000000000000000000000000000000000000000000000000000000000000000000000000000000000000000000000000000000000000000000000000000000000000000000000000000000000000000000000000000000000000000000000000000000000000000000 
	Parameter INITP_06 bound to: 256'b0000000000000000000000000000000000000000000000000000000000000000000000000000000000000000000000000000000000000000000000000000000000000000000000000000000000000000000000000000000000000000000000000000000000000000000000000000000000000000000000000000000000000000 
	Parameter INITP_07 bound to: 256'b1000000000000000000000000000000000000000000000000000000000000000000000000000000000000000000000000000000000000000000000000000000000000000000000000000000000000000000000000000000000000000000000000000000000000000000000000000000000000000000000000000000000000000 
	Parameter INITP_08 bound to: 256'b0000000000000000000000000000000000000000000000000000000000000000000000000000000000000000000000000000000000000000000000000000000000000000000000000000000000000000000000000000000000000000000000000000000000000000000000000000000000000000000000000000000000000000 
	Parameter INITP_09 bound to: 256'b0000000000000000000000000000000000000000000000000000000000000000000000000000000000000000000000000000000000000000000000000000000000000000000000000000000000000000000000000000000000000000000000000000000000000000000000000000000000000000000000000000000000000000 
	Parameter INITP_0A bound to: 256'b0000000000000000000000000000000000000000000000000000000000000000000000000000000000000000000000000000000000000000000000000000000000000000000000000000000000000000000000000000000000000000000000000000000000000000000000000000000000000000000000000000000000000000 
	Parameter INITP_0B bound to: 256'b0000000000000000000000000000000000000000000000000000000000000000000000000000000000000000000000000000000000000000000000000000000000000000000000000000000000000000000000000000000000000000000000000000000000000000000000000000000000000000000000000000000000000000 
	Parameter INITP_0C bound to: 256'b0000000000000000000000000000000000000000000000000000000000000000000000000000000000000000000000000000000000000000000000000000000000000000000000000000000000000000000000000000000000000000000000000000000000000000000000000000000000000000000000000000000000000000 
	Parameter INITP_0D bound to: 256'b0000000000000000000000000000000000000000000000000000000000000000000000000000000000000000000000000000000000000000000000000000000000000000000000000000000000000000000000000000000000000000000000000000000000000000000000000000000000000000000000000000000000000000 
	Parameter INITP_0E bound to: 256'b0000000000000000000000000000000000000000000000000000000000000000000000000000000000000000000000000000000000000000000000000000000000000000000000000000000000000000000000000000000000000000000000000000000000000000000000000000000000000000000000000000000000000000 
	Parameter INITP_0F bound to: 256'b0000000000000000000000000000000000000000000000000000000000000000000000000000000000000000000000000000000000000000000000000000000000000000000000000000000000000000000000000000000000000000000000000000000000000000000000000000000000000000000000000000000000000000 
	Parameter INIT_00 bound to: 256'b0010000000101110110101000000100000100000001001001101010000001101001000000001111111010100000110110001011000000000011000000000011111010110000000011000000000000001000000000100000100011011000000000001011000000000000101010000000000010001000000000001000000000000 
	Parameter INIT_01 bound to: 256'b0001101000000001001000000011110100000000010011000001101010000000000110110000000001100000001111011101101101010000001000000011110100000000010011000001101011000000000110110100000001100000000110011101101100010000000110110000000100000000010101000000101001000000 
	Parameter INIT_02 bound to: 256'b0010000000111101110110110000000000100000001111010000000001001100000110101100000000011011010000000010000000111101000000000100110000011010100000000001101100000000101000000010101011011011010000000010000000111101000110110000000000000000011000100000000001001100 
	Parameter INIT_03 bound to: 256'b1101010000000101001000000000011100000000001111110000000001001100000010101011000000011010100000000000000001010100000110100010000000000000010011000000101010110000000110101000000010011011000000010010000000110101000110110000111101100000001101001101101101000000 
	Parameter INIT_04 bound to: 256'b0001001000000000110100100000010000010010000001001101101000000011010100000000000000000000011000100000000001001100000110100000000100000000010111000000000001001100000110100000111100000000010111000000000001001100000110100011100000000000011010000101000000000000 
	Parameter INIT_05 bound to: 256'b1011100000000000100101110000000100011000000001010001011100000000010100000000000011010010000001000001001000000101110100100000010000010010000000011101001000000100000100100000010111011010000000110101000000000000110100100000010000010010000001001101001000000100 
	Parameter INIT_06 bound to: 256'b0101000000000000011000000110101110111001000000001011100000000000100101110000000100011001000001000001100011000100000101111011010001010000000000000110000001100100101110000000000010010111000000010001100011000000000101110000000001010000000000000110000001011110 
	Parameter INIT_07 bound to: 256'b0010000010001000110100111111000000000011000100001001000000000001000100000000000101010001100000000110000001111011110111001000000001000001000011100010000001111101110100000000101000100000011110111101000000001001001000000111101111010000000000001001110000000000 
	Parameter INIT_08 bound to: 256'b0010000011011111110100110100010110010000000000010001000000000000001000001000110000010101000000000010000010001100000101010000000100100000100011000001011000000001001000001000110011010100000000000000000010001110000101000000000000100000100010101101010100000001 
	Parameter INIT_09 bound to: 256'b0010000011101111110100110011111000100000111011011101001100111101001000001110101111010011001101100010000011101001110100110010111000100000111001111101001100100101001000001110010111010011001001100010000011100011110100110001111000100000111000011101001100010110 
	Parameter INIT_0A bound to: 256'b0010000011111111110100110011010000100000111111011101001100101011001000001111101111010011001001000010000011111001110100110010001100100000111101111101001100100001001000001111010111010011001100100010000011110011110100110001110000100000111100011101001101000110 
	Parameter INIT_0B bound to: 256'b0010000100001111110100110100010000100001000011011101001100110001001000010000101111010011001110100010000100001001110100110100101100100001000001111101001101000010001000010000010111010011001110110010000100000011110100110100001100100001000000011101001100110011 
	Parameter INIT_0C bound to: 256'b0010000100011111110100110001110100100001000111011101001100101010001000010001101111010011001111000010000100011001110100110010110000100001000101111101001100011011001000010001010111010011001011010010000100010011110100110001010100100001000100011101001101001101 
	Parameter INIT_0D bound to: 256'b0001010000110000010100000000000000100001001011011101001101110110001000010010101111010011010110100010000100101001110100110110011000100001001001111101001100101001001000010010010111010011000110100010000100100011110100110011010100100001001000011101001100100010 
	Parameter INIT_0E bound to: 256'b0001010000111000010100000000000000010100001101110101000000000000000101000011011001010000000000000001010000110101010100000000000000010100001101000101000000000000000101000011001101010000000000000001010000110010010100000000000000010100001100010101000000000000 
	Parameter INIT_0F bound to: 256'b0001010001100111010100000000000000010100011001100101000000000000000101000110010101010000000000000001010001100100010100000000000000010100011000110101000000000000000101000110001001010000000000000001010001100001010100000000000000010100001110010101000000000000 
	Parameter INIT_10 bound to: 256'b0001010001101111010100000000000000010100011011100101000000000000000101000110110101010000000000000001010001101100010100000000000000010100011010110101000000000000000101000110101001010000000000000001010001101001010100000000000000010100011010000101000000000000 
	Parameter INIT_11 bound to: 256'b0001010001110111010100000000000000010100011101100101000000000000000101000111010101010000000000000001010001110100010100000000000000010100011100110101000000000000000101000111001001010000000000000001010001110001010100000000000000010100011100000101000000000000 
	Parameter INIT_12 bound to: 256'b0000000000000000010100000000000000010100000110110101000000000000000101000000110101010000000000000001010000001000010100000000000000010100001000000101000000000000000101000111101001010000000000000001010001111001010100000000000000010100011110000101000000000000 
	Parameter INIT_13 bound to: 256'b0000000000000000000000000000000000000000000000000000000000000000000000000000000000000000000000000000000000000000000000000000000000000000000000000000000000000000000000000000000000000000000000000000000000000000000000000000000000000000000000000000000000000000 
	Parameter INIT_14 bound to: 256'b0000000000000000000000000000000000000000000000000000000000000000000000000000000000000000000000000000000000000000000000000000000000000000000000000000000000000000000000000000000000000000000000000000000000000000000000000000000000000000000000000000000000000000 
	Parameter INIT_15 bound to: 256'b0000000000000000000000000000000000000000000000000000000000000000000000000000000000000000000000000000000000000000000000000000000000000000000000000000000000000000000000000000000000000000000000000000000000000000000000000000000000000000000000000000000000000000 
	Parameter INIT_16 bound to: 256'b0000000000000000000000000000000000000000000000000000000000000000000000000000000000000000000000000000000000000000000000000000000000000000000000000000000000000000000000000000000000000000000000000000000000000000000000000000000000000000000000000000000000000000 
	Parameter INIT_17 bound to: 256'b0000000000000000000000000000000000000000000000000000000000000000000000000000000000000000000000000000000000000000000000000000000000000000000000000000000000000000000000000000000000000000000000000000000000000000000000000000000000000000000000000000000000000000 
	Parameter INIT_18 bound to: 256'b0000000000000000000000000000000000000000000000000000000000000000000000000000000000000000000000000000000000000000000000000000000000000000000000000000000000000000000000000000000000000000000000000000000000000000000000000000000000000000000000000000000000000000 
	Parameter INIT_19 bound to: 256'b0000000000000000000000000000000000000000000000000000000000000000000000000000000000000000000000000000000000000000000000000000000000000000000000000000000000000000000000000000000000000000000000000000000000000000000000000000000000000000000000000000000000000000 
	Parameter INIT_1A bound to: 256'b0000000000000000000000000000000000000000000000000000000000000000000000000000000000000000000000000000000000000000000000000000000000000000000000000000000000000000000000000000000000000000000000000000000000000000000000000000000000000000000000000000000000000000 
	Parameter INIT_1B bound to: 256'b0000000000000000000000000000000000000000000000000000000000000000000000000000000000000000000000000000000000000000000000000000000000000000000000000000000000000000000000000000000000000000000000000000000000000000000000000000000000000000000000000000000000000000 
	Parameter INIT_1C bound to: 256'b0000000000000000000000000000000000000000000000000000000000000000000000000000000000000000000000000000000000000000000000000000000000000000000000000000000000000000000000000000000000000000000000000000000000000000000000000000000000000000000000000000000000000000 
	Parameter INIT_1D bound to: 256'b0000000000000000000000000000000000000000000000000000000000000000000000000000000000000000000000000000000000000000000000000000000000000000000000000000000000000000000000000000000000000000000000000000000000000000000000000000000000000000000000000000000000000000 
	Parameter INIT_1E bound to: 256'b0000000000000000000000000000000000000000000000000000000000000000000000000000000000000000000000000000000000000000000000000000000000000000000000000000000000000000000000000000000000000000000000000000000000000000000000000000000000000000000000000000000000000000 
	Parameter INIT_1F bound to: 256'b0000000000000000000000000000000000000000000000000000000000000000000000000000000000000000000000000000000000000000000000000000000000000000000000000000000000000000000000000000000000000000000000000000000000000000000000000000000000000000000000000000000000000000 
	Parameter INIT_20 bound to: 256'b0000000000000000000000000000000000000000000000000000000000000000000000000000000000000000000000000000000000000000000000000000000000000000000000000000000000000000000000000000000000000000000000000000000000000000000000000000000000000000000000000000000000000000 
	Parameter INIT_21 bound to: 256'b0000000000000000000000000000000000000000000000000000000000000000000000000000000000000000000000000000000000000000000000000000000000000000000000000000000000000000000000000000000000000000000000000000000000000000000000000000000000000000000000000000000000000000 
	Parameter INIT_22 bound to: 256'b0000000000000000000000000000000000000000000000000000000000000000000000000000000000000000000000000000000000000000000000000000000000000000000000000000000000000000000000000000000000000000000000000000000000000000000000000000000000000000000000000000000000000000 
	Parameter INIT_23 bound to: 256'b0000000000000000000000000000000000000000000000000000000000000000000000000000000000000000000000000000000000000000000000000000000000000000000000000000000000000000000000000000000000000000000000000000000000000000000000000000000000000000000000000000000000000000 
	Parameter INIT_24 bound to: 256'b0000000000000000000000000000000000000000000000000000000000000000000000000000000000000000000000000000000000000000000000000000000000000000000000000000000000000000000000000000000000000000000000000000000000000000000000000000000000000000000000000000000000000000 
	Parameter INIT_25 bound to: 256'b0000000000000000000000000000000000000000000000000000000000000000000000000000000000000000000000000000000000000000000000000000000000000000000000000000000000000000000000000000000000000000000000000000000000000000000000000000000000000000000000000000000000000000 
	Parameter INIT_26 bound to: 256'b0000000000000000000000000000000000000000000000000000000000000000000000000000000000000000000000000000000000000000000000000000000000000000000000000000000000000000000000000000000000000000000000000000000000000000000000000000000000000000000000000000000000000000 
	Parameter INIT_27 bound to: 256'b0000000000000000000000000000000000000000000000000000000000000000000000000000000000000000000000000000000000000000000000000000000000000000000000000000000000000000000000000000000000000000000000000000000000000000000000000000000000000000000000000000000000000000 
	Parameter INIT_28 bound to: 256'b0000000000000000000000000000000000000000000000000000000000000000000000000000000000000000000000000000000000000000000000000000000000000000000000000000000000000000000000000000000000000000000000000000000000000000000000000000000000000000000000000000000000000000 
	Parameter INIT_29 bound to: 256'b0000000000000000000000000000000000000000000000000000000000000000000000000000000000000000000000000000000000000000000000000000000000000000000000000000000000000000000000000000000000000000000000000000000000000000000000000000000000000000000000000000000000000000 
	Parameter INIT_2A bound to: 256'b0000000000000000000000000000000000000000000000000000000000000000000000000000000000000000000000000000000000000000000000000000000000000000000000000000000000000000000000000000000000000000000000000000000000000000000000000000000000000000000000000000000000000000 
	Parameter INIT_2B bound to: 256'b0000000000000000000000000000000000000000000000000000000000000000000000000000000000000000000000000000000000000000000000000000000000000000000000000000000000000000000000000000000000000000000000000000000000000000000000000000000000000000000000000000000000000000 
	Parameter INIT_2C bound to: 256'b0000000000000000000000000000000000000000000000000000000000000000000000000000000000000000000000000000000000000000000000000000000000000000000000000000000000000000000000000000000000000000000000000000000000000000000000000000000000000000000000000000000000000000 
	Parameter INIT_2D bound to: 256'b0000000000000000000000000000000000000000000000000000000000000000000000000000000000000000000000000000000000000000000000000000000000000000000000000000000000000000000000000000000000000000000000000000000000000000000000000000000000000000000000000000000000000000 
	Parameter INIT_2E bound to: 256'b0000000000000000000000000000000000000000000000000000000000000000000000000000000000000000000000000000000000000000000000000000000000000000000000000000000000000000000000000000000000000000000000000000000000000000000000000000000000000000000000000000000000000000 
	Parameter INIT_2F bound to: 256'b0000000000000000000000000000000000000000000000000000000000000000000000000000000000000000000000000000000000000000000000000000000000000000000000000000000000000000000000000000000000000000000000000000000000000000000000000000000000000000000000000000000000000000 
	Parameter INIT_30 bound to: 256'b0000000000000000000000000000000000000000000000000000000000000000000000000000000000000000000000000000000000000000000000000000000000000000000000000000000000000000000000000000000000000000000000000000000000000000000000000000000000000000000000000000000000000000 
	Parameter INIT_31 bound to: 256'b0000000000000000000000000000000000000000000000000000000000000000000000000000000000000000000000000000000000000000000000000000000000000000000000000000000000000000000000000000000000000000000000000000000000000000000000000000000000000000000000000000000000000000 
	Parameter INIT_32 bound to: 256'b0000000000000000000000000000000000000000000000000000000000000000000000000000000000000000000000000000000000000000000000000000000000000000000000000000000000000000000000000000000000000000000000000000000000000000000000000000000000000000000000000000000000000000 
	Parameter INIT_33 bound to: 256'b0000000000000000000000000000000000000000000000000000000000000000000000000000000000000000000000000000000000000000000000000000000000000000000000000000000000000000000000000000000000000000000000000000000000000000000000000000000000000000000000000000000000000000 
	Parameter INIT_34 bound to: 256'b0000000000000000000000000000000000000000000000000000000000000000000000000000000000000000000000000000000000000000000000000000000000000000000000000000000000000000000000000000000000000000000000000000000000000000000000000000000000000000000000000000000000000000 
	Parameter INIT_35 bound to: 256'b0000000000000000000000000000000000000000000000000000000000000000000000000000000000000000000000000000000000000000000000000000000000000000000000000000000000000000000000000000000000000000000000000000000000000000000000000000000000000000000000000000000000000000 
	Parameter INIT_36 bound to: 256'b0000000000000000000000000000000000000000000000000000000000000000000000000000000000000000000000000000000000000000000000000000000000000000000000000000000000000000000000000000000000000000000000000000000000000000000000000000000000000000000000000000000000000000 
	Parameter INIT_37 bound to: 256'b0000000000000000000000000000000000000000000000000000000000000000000000000000000000000000000000000000000000000000000000000000000000000000000000000000000000000000000000000000000000000000000000000000000000000000000000000000000000000000000000000000000000000000 
	Parameter INIT_38 bound to: 256'b0000000000000000000000000000000000000000000000000000000000000000000000000000000000000000000000000000000000000000000000000000000000000000000000000000000000000000000000000000000000000000000000000000000000000000000000000000000000000000000000000000000000000000 
	Parameter INIT_39 bound to: 256'b0000000000000000000000000000000000000000000000000000000000000000000000000000000000000000000000000000000000000000000000000000000000000000000000000000000000000000000000000000000000000000000000000000000000000000000000000000000000000000000000000000000000000000 
	Parameter INIT_3A bound to: 256'b0000000000000000000000000000000000000000000000000000000000000000000000000000000000000000000000000000000000000000000000000000000000000000000000000000000000000000000000000000000000000000000000000000000000000000000000000000000000000000000000000000000000000000 
	Parameter INIT_3B bound to: 256'b0000000000000000000000000000000000000000000000000000000000000000000000000000000000000000000000000000000000000000000000000000000000000000000000000000000000000000000000000000000000000000000000000000000000000000000000000000000000000000000000000000000000000000 
	Parameter INIT_3C bound to: 256'b0000000000000000000000000000000000000000000000000000000000000000000000000000000000000000000000000000000000000000000000000000000000000000000000000000000000000000000000000000000000000000000000000000000000000000000000000000000000000000000000000000000000000000 
	Parameter INIT_3D bound to: 256'b0000000000000000000000000000000000000000000000000000000000000000000000000000000000000000000000000000000000000000000000000000000000000000000000000000000000000000000000000000000000000000000000000000000000000000000000000000000000000000000000000000000000000000 
	Parameter INIT_3E bound to: 256'b0000000000000000000000000000000000000000000000000000000000000000000000000000000000000000000000000000000000000000000000000000000000000000000000000000000000000000000000000000000000000000000000000000000000000000000000000000000000000000000000000000000000000000 
	Parameter INIT_3F bound to: 256'b0010000001110000000000000000000000000000000000000000000000000000000000000000000000000000000000000000000000000000000000000000000000000000000000000000000000000000000000000000000000000000000000000000000000000000000000000000000000000000000000000000000000000000 
	Parameter INIT_40 bound to: 256'b0000000000000000000000000000000000000000000000000000000000000000000000000000000000000000000000000000000000000000000000000000000000000000000000000000000000000000000000000000000000000000000000000000000000000000000000000000000000000000000000000000000000000000 
	Parameter INIT_41 bound to: 256'b0000000000000000000000000000000000000000000000000000000000000000000000000000000000000000000000000000000000000000000000000000000000000000000000000000000000000000000000000000000000000000000000000000000000000000000000000000000000000000000000000000000000000000 
	Parameter INIT_42 bound to: 256'b0000000000000000000000000000000000000000000000000000000000000000000000000000000000000000000000000000000000000000000000000000000000000000000000000000000000000000000000000000000000000000000000000000000000000000000000000000000000000000000000000000000000000000 
	Parameter INIT_43 bound to: 256'b0000000000000000000000000000000000000000000000000000000000000000000000000000000000000000000000000000000000000000000000000000000000000000000000000000000000000000000000000000000000000000000000000000000000000000000000000000000000000000000000000000000000000000 
	Parameter INIT_44 bound to: 256'b0000000000000000000000000000000000000000000000000000000000000000000000000000000000000000000000000000000000000000000000000000000000000000000000000000000000000000000000000000000000000000000000000000000000000000000000000000000000000000000000000000000000000000 
	Parameter INIT_45 bound to: 256'b0000000000000000000000000000000000000000000000000000000000000000000000000000000000000000000000000000000000000000000000000000000000000000000000000000000000000000000000000000000000000000000000000000000000000000000000000000000000000000000000000000000000000000 
	Parameter INIT_46 bound to: 256'b0000000000000000000000000000000000000000000000000000000000000000000000000000000000000000000000000000000000000000000000000000000000000000000000000000000000000000000000000000000000000000000000000000000000000000000000000000000000000000000000000000000000000000 
	Parameter INIT_47 bound to: 256'b0000000000000000000000000000000000000000000000000000000000000000000000000000000000000000000000000000000000000000000000000000000000000000000000000000000000000000000000000000000000000000000000000000000000000000000000000000000000000000000000000000000000000000 
	Parameter INIT_48 bound to: 256'b0000000000000000000000000000000000000000000000000000000000000000000000000000000000000000000000000000000000000000000000000000000000000000000000000000000000000000000000000000000000000000000000000000000000000000000000000000000000000000000000000000000000000000 
	Parameter INIT_49 bound to: 256'b0000000000000000000000000000000000000000000000000000000000000000000000000000000000000000000000000000000000000000000000000000000000000000000000000000000000000000000000000000000000000000000000000000000000000000000000000000000000000000000000000000000000000000 
	Parameter INIT_4A bound to: 256'b0000000000000000000000000000000000000000000000000000000000000000000000000000000000000000000000000000000000000000000000000000000000000000000000000000000000000000000000000000000000000000000000000000000000000000000000000000000000000000000000000000000000000000 
	Parameter INIT_4B bound to: 256'b0000000000000000000000000000000000000000000000000000000000000000000000000000000000000000000000000000000000000000000000000000000000000000000000000000000000000000000000000000000000000000000000000000000000000000000000000000000000000000000000000000000000000000 
	Parameter INIT_4C bound to: 256'b0000000000000000000000000000000000000000000000000000000000000000000000000000000000000000000000000000000000000000000000000000000000000000000000000000000000000000000000000000000000000000000000000000000000000000000000000000000000000000000000000000000000000000 
	Parameter INIT_4D bound to: 256'b0000000000000000000000000000000000000000000000000000000000000000000000000000000000000000000000000000000000000000000000000000000000000000000000000000000000000000000000000000000000000000000000000000000000000000000000000000000000000000000000000000000000000000 
	Parameter INIT_4E bound to: 256'b0000000000000000000000000000000000000000000000000000000000000000000000000000000000000000000000000000000000000000000000000000000000000000000000000000000000000000000000000000000000000000000000000000000000000000000000000000000000000000000000000000000000000000 
	Parameter INIT_4F bound to: 256'b0000000000000000000000000000000000000000000000000000000000000000000000000000000000000000000000000000000000000000000000000000000000000000000000000000000000000000000000000000000000000000000000000000000000000000000000000000000000000000000000000000000000000000 
	Parameter INIT_50 bound to: 256'b0000000000000000000000000000000000000000000000000000000000000000000000000000000000000000000000000000000000000000000000000000000000000000000000000000000000000000000000000000000000000000000000000000000000000000000000000000000000000000000000000000000000000000 
	Parameter INIT_51 bound to: 256'b0000000000000000000000000000000000000000000000000000000000000000000000000000000000000000000000000000000000000000000000000000000000000000000000000000000000000000000000000000000000000000000000000000000000000000000000000000000000000000000000000000000000000000 
	Parameter INIT_52 bound to: 256'b0000000000000000000000000000000000000000000000000000000000000000000000000000000000000000000000000000000000000000000000000000000000000000000000000000000000000000000000000000000000000000000000000000000000000000000000000000000000000000000000000000000000000000 
	Parameter INIT_53 bound to: 256'b0000000000000000000000000000000000000000000000000000000000000000000000000000000000000000000000000000000000000000000000000000000000000000000000000000000000000000000000000000000000000000000000000000000000000000000000000000000000000000000000000000000000000000 
	Parameter INIT_54 bound to: 256'b0000000000000000000000000000000000000000000000000000000000000000000000000000000000000000000000000000000000000000000000000000000000000000000000000000000000000000000000000000000000000000000000000000000000000000000000000000000000000000000000000000000000000000 
	Parameter INIT_55 bound to: 256'b0000000000000000000000000000000000000000000000000000000000000000000000000000000000000000000000000000000000000000000000000000000000000000000000000000000000000000000000000000000000000000000000000000000000000000000000000000000000000000000000000000000000000000 
	Parameter INIT_56 bound to: 256'b0000000000000000000000000000000000000000000000000000000000000000000000000000000000000000000000000000000000000000000000000000000000000000000000000000000000000000000000000000000000000000000000000000000000000000000000000000000000000000000000000000000000000000 
	Parameter INIT_57 bound to: 256'b0000000000000000000000000000000000000000000000000000000000000000000000000000000000000000000000000000000000000000000000000000000000000000000000000000000000000000000000000000000000000000000000000000000000000000000000000000000000000000000000000000000000000000 
	Parameter INIT_58 bound to: 256'b0000000000000000000000000000000000000000000000000000000000000000000000000000000000000000000000000000000000000000000000000000000000000000000000000000000000000000000000000000000000000000000000000000000000000000000000000000000000000000000000000000000000000000 
	Parameter INIT_59 bound to: 256'b0000000000000000000000000000000000000000000000000000000000000000000000000000000000000000000000000000000000000000000000000000000000000000000000000000000000000000000000000000000000000000000000000000000000000000000000000000000000000000000000000000000000000000 
	Parameter INIT_5A bound to: 256'b0000000000000000000000000000000000000000000000000000000000000000000000000000000000000000000000000000000000000000000000000000000000000000000000000000000000000000000000000000000000000000000000000000000000000000000000000000000000000000000000000000000000000000 
	Parameter INIT_5B bound to: 256'b0000000000000000000000000000000000000000000000000000000000000000000000000000000000000000000000000000000000000000000000000000000000000000000000000000000000000000000000000000000000000000000000000000000000000000000000000000000000000000000000000000000000000000 
	Parameter INIT_5C bound to: 256'b0000000000000000000000000000000000000000000000000000000000000000000000000000000000000000000000000000000000000000000000000000000000000000000000000000000000000000000000000000000000000000000000000000000000000000000000000000000000000000000000000000000000000000 
	Parameter INIT_5D bound to: 256'b0000000000000000000000000000000000000000000000000000000000000000000000000000000000000000000000000000000000000000000000000000000000000000000000000000000000000000000000000000000000000000000000000000000000000000000000000000000000000000000000000000000000000000 
	Parameter INIT_5E bound to: 256'b0000000000000000000000000000000000000000000000000000000000000000000000000000000000000000000000000000000000000000000000000000000000000000000000000000000000000000000000000000000000000000000000000000000000000000000000000000000000000000000000000000000000000000 
	Parameter INIT_5F bound to: 256'b0000000000000000000000000000000000000000000000000000000000000000000000000000000000000000000000000000000000000000000000000000000000000000000000000000000000000000000000000000000000000000000000000000000000000000000000000000000000000000000000000000000000000000 
	Parameter INIT_60 bound to: 256'b0000000000000000000000000000000000000000000000000000000000000000000000000000000000000000000000000000000000000000000000000000000000000000000000000000000000000000000000000000000000000000000000000000000000000000000000000000000000000000000000000000000000000000 
	Parameter INIT_61 bound to: 256'b0000000000000000000000000000000000000000000000000000000000000000000000000000000000000000000000000000000000000000000000000000000000000000000000000000000000000000000000000000000000000000000000000000000000000000000000000000000000000000000000000000000000000000 
	Parameter INIT_62 bound to: 256'b0000000000000000000000000000000000000000000000000000000000000000000000000000000000000000000000000000000000000000000000000000000000000000000000000000000000000000000000000000000000000000000000000000000000000000000000000000000000000000000000000000000000000000 
	Parameter INIT_63 bound to: 256'b0000000000000000000000000000000000000000000000000000000000000000000000000000000000000000000000000000000000000000000000000000000000000000000000000000000000000000000000000000000000000000000000000000000000000000000000000000000000000000000000000000000000000000 
	Parameter INIT_64 bound to: 256'b0000000000000000000000000000000000000000000000000000000000000000000000000000000000000000000000000000000000000000000000000000000000000000000000000000000000000000000000000000000000000000000000000000000000000000000000000000000000000000000000000000000000000000 
	Parameter INIT_65 bound to: 256'b0000000000000000000000000000000000000000000000000000000000000000000000000000000000000000000000000000000000000000000000000000000000000000000000000000000000000000000000000000000000000000000000000000000000000000000000000000000000000000000000000000000000000000 
	Parameter INIT_66 bound to: 256'b0000000000000000000000000000000000000000000000000000000000000000000000000000000000000000000000000000000000000000000000000000000000000000000000000000000000000000000000000000000000000000000000000000000000000000000000000000000000000000000000000000000000000000 
	Parameter INIT_67 bound to: 256'b0000000000000000000000000000000000000000000000000000000000000000000000000000000000000000000000000000000000000000000000000000000000000000000000000000000000000000000000000000000000000000000000000000000000000000000000000000000000000000000000000000000000000000 
	Parameter INIT_68 bound to: 256'b0000000000000000000000000000000000000000000000000000000000000000000000000000000000000000000000000000000000000000000000000000000000000000000000000000000000000000000000000000000000000000000000000000000000000000000000000000000000000000000000000000000000000000 
	Parameter INIT_69 bound to: 256'b0000000000000000000000000000000000000000000000000000000000000000000000000000000000000000000000000000000000000000000000000000000000000000000000000000000000000000000000000000000000000000000000000000000000000000000000000000000000000000000000000000000000000000 
	Parameter INIT_6A bound to: 256'b0000000000000000000000000000000000000000000000000000000000000000000000000000000000000000000000000000000000000000000000000000000000000000000000000000000000000000000000000000000000000000000000000000000000000000000000000000000000000000000000000000000000000000 
	Parameter INIT_6B bound to: 256'b0000000000000000000000000000000000000000000000000000000000000000000000000000000000000000000000000000000000000000000000000000000000000000000000000000000000000000000000000000000000000000000000000000000000000000000000000000000000000000000000000000000000000000 
	Parameter INIT_6C bound to: 256'b0000000000000000000000000000000000000000000000000000000000000000000000000000000000000000000000000000000000000000000000000000000000000000000000000000000000000000000000000000000000000000000000000000000000000000000000000000000000000000000000000000000000000000 
	Parameter INIT_6D bound to: 256'b0000000000000000000000000000000000000000000000000000000000000000000000000000000000000000000000000000000000000000000000000000000000000000000000000000000000000000000000000000000000000000000000000000000000000000000000000000000000000000000000000000000000000000 
	Parameter INIT_6E bound to: 256'b0000000000000000000000000000000000000000000000000000000000000000000000000000000000000000000000000000000000000000000000000000000000000000000000000000000000000000000000000000000000000000000000000000000000000000000000000000000000000000000000000000000000000000 
	Parameter INIT_6F bound to: 256'b0000000000000000000000000000000000000000000000000000000000000000000000000000000000000000000000000000000000000000000000000000000000000000000000000000000000000000000000000000000000000000000000000000000000000000000000000000000000000000000000000000000000000000 
	Parameter INIT_70 bound to: 256'b0000000000000000000000000000000000000000000000000000000000000000000000000000000000000000000000000000000000000000000000000000000000000000000000000000000000000000000000000000000000000000000000000000000000000000000000000000000000000000000000000000000000000000 
	Parameter INIT_71 bound to: 256'b0000000000000000000000000000000000000000000000000000000000000000000000000000000000000000000000000000000000000000000000000000000000000000000000000000000000000000000000000000000000000000000000000000000000000000000000000000000000000000000000000000000000000000 
	Parameter INIT_72 bound to: 256'b0000000000000000000000000000000000000000000000000000000000000000000000000000000000000000000000000000000000000000000000000000000000000000000000000000000000000000000000000000000000000000000000000000000000000000000000000000000000000000000000000000000000000000 
	Parameter INIT_73 bound to: 256'b0000000000000000000000000000000000000000000000000000000000000000000000000000000000000000000000000000000000000000000000000000000000000000000000000000000000000000000000000000000000000000000000000000000000000000000000000000000000000000000000000000000000000000 
	Parameter INIT_74 bound to: 256'b0000000000000000000000000000000000000000000000000000000000000000000000000000000000000000000000000000000000000000000000000000000000000000000000000000000000000000000000000000000000000000000000000000000000000000000000000000000000000000000000000000000000000000 
	Parameter INIT_75 bound to: 256'b0000000000000000000000000000000000000000000000000000000000000000000000000000000000000000000000000000000000000000000000000000000000000000000000000000000000000000000000000000000000000000000000000000000000000000000000000000000000000000000000000000000000000000 
	Parameter INIT_76 bound to: 256'b0000000000000000000000000000000000000000000000000000000000000000000000000000000000000000000000000000000000000000000000000000000000000000000000000000000000000000000000000000000000000000000000000000000000000000000000000000000000000000000000000000000000000000 
	Parameter INIT_77 bound to: 256'b0000000000000000000000000000000000000000000000000000000000000000000000000000000000000000000000000000000000000000000000000000000000000000000000000000000000000000000000000000000000000000000000000000000000000000000000000000000000000000000000000000000000000000 
	Parameter INIT_78 bound to: 256'b0000000000000000000000000000000000000000000000000000000000000000000000000000000000000000000000000000000000000000000000000000000000000000000000000000000000000000000000000000000000000000000000000000000000000000000000000000000000000000000000000000000000000000 
	Parameter INIT_79 bound to: 256'b0000000000000000000000000000000000000000000000000000000000000000000000000000000000000000000000000000000000000000000000000000000000000000000000000000000000000000000000000000000000000000000000000000000000000000000000000000000000000000000000000000000000000000 
	Parameter INIT_7A bound to: 256'b0000000000000000000000000000000000000000000000000000000000000000000000000000000000000000000000000000000000000000000000000000000000000000000000000000000000000000000000000000000000000000000000000000000000000000000000000000000000000000000000000000000000000000 
	Parameter INIT_7B bound to: 256'b0000000000000000000000000000000000000000000000000000000000000000000000000000000000000000000000000000000000000000000000000000000000000000000000000000000000000000000000000000000000000000000000000000000000000000000000000000000000000000000000000000000000000000 
	Parameter INIT_7C bound to: 256'b0000000000000000000000000000000000000000000000000000000000000000000000000000000000000000000000000000000000000000000000000000000000000000000000000000000000000000000000000000000000000000000000000000000000000000000000000000000000000000000000000000000000000000 
	Parameter INIT_7D bound to: 256'b0000000000000000000000000000000000000000000000000000000000000000000000000000000000000000000000000000000000000000000000000000000000000000000000000000000000000000000000000000000000000000000000000000000000000000000000000000000000000000000000000000000000000000 
	Parameter INIT_7E bound to: 256'b0000000000000000000000000000000000000000000000000000000000000000000000000000000000000000000000000000000000000000000000000000000000000000000000000000000000000000000000000000000000000000000000000000000000000000000000000000000000000000000000000000000000000000 
	Parameter INIT_7F bound to: 256'b0000000000000000000000000000000000000000000000000000000000000000000000000000000000000000000000000000000000000000000000000000000000000000000000000000000000000000000000000000000000000000000000000000000000000000000000000000000000000000000000000000000000000000 
	Parameter INIT_A bound to: 36'b000000000000000000000000000000000000 
	Parameter INIT_B bound to: 36'b000000000000000000000000000000000000 
	Parameter INIT_FILE bound to: NONE - type: string 
	Parameter RAM_EXTENSION_A bound to: NONE - type: string 
	Parameter RAM_EXTENSION_B bound to: NONE - type: string 
	Parameter RAM_MODE bound to: TDP - type: string 
	Parameter RDADDR_COLLISION_HWCONFIG bound to: DELAYED_WRITE - type: string 
	Parameter READ_WIDTH_A bound to: 18 - type: integer 
	Parameter READ_WIDTH_B bound to: 18 - type: integer 
	Parameter RSTREG_PRIORITY_A bound to: REGCE - type: string 
	Parameter RSTREG_PRIORITY_B bound to: REGCE - type: string 
	Parameter SIM_COLLISION_CHECK bound to: ALL - type: string 
	Parameter SIM_DEVICE bound to: 7SERIES - type: string 
	Parameter SRVAL_A bound to: 36'b000000000000000000000000000000000000 
	Parameter SRVAL_B bound to: 36'b000000000000000000000000000000000000 
	Parameter WRITE_MODE_A bound to: WRITE_FIRST - type: string 
	Parameter WRITE_MODE_B bound to: WRITE_FIRST - type: string 
	Parameter WRITE_WIDTH_A bound to: 18 - type: integer 
	Parameter WRITE_WIDTH_B bound to: 18 - type: integer 
INFO: [Synth 8-113] binding component instance 'kcpsm6_rom' to cell 'RAMB36E1' [C:/Users/wqewqe/School/PersonalCPU/PersonalCPU.srcs/sources_1/imports/Downloads/prog_memory.vhd:1162]
INFO: [Synth 8-256] done synthesizing module 'prog_memory' (0#1) [C:/Users/wqewqe/School/PersonalCPU/PersonalCPU.srcs/sources_1/imports/Downloads/prog_memory.vhd:143]
INFO: [Synth 8-256] done synthesizing module 'toplevel' (0#1) [C:/Users/wqewqe/School/PersonalCPU/PersonalCPU.srcs/sources_1/imports/Downloads/toplevel.vhd:29]
WARNING: [Synth 8-3848] Net PortID_indir in module/entity CPU does not have driver. [C:/Users/wqewqe/School/PersonalCPU/PersonalCPU.srcs/sources_1/new/CPU.vhd:163]
WARNING: [Synth 8-6014] Unused sequential element clk_inter_reg was removed.  [C:/Users/wqewqe/School/PersonalCPU/PersonalCPU.srcs/sources_1/imports/Downloads/toplevel.vhd:176]
WARNING: [Synth 8-6014] Unused sequential element clk_count_reg was removed.  [C:/Users/wqewqe/School/PersonalCPU/PersonalCPU.srcs/sources_1/imports/Downloads/toplevel.vhd:178]
WARNING: [Synth 8-6014] Unused sequential element ps2_clk_clean_reg was removed.  [C:/Users/wqewqe/School/PersonalCPU/PersonalCPU.srcs/sources_1/imports/Downloads/toplevel.vhd:180]
WARNING: [Synth 8-6014] Unused sequential element interrupt_req_reg was removed.  [C:/Users/wqewqe/School/PersonalCPU/PersonalCPU.srcs/sources_1/imports/Downloads/toplevel.vhd:216]
WARNING: [Synth 8-7129] Port Al_Instr_Ext[3] in module ALU is either unconnected or has no load
WARNING: [Synth 8-7129] Port Al_Instr_Ext[2] in module ALU is either unconnected or has no load
WARNING: [Synth 8-7129] Port Al_Instr_Ext[1] in module ALU is either unconnected or has no load
WARNING: [Synth 8-7129] Port Al_Instr_Ext[0] in module ALU is either unconnected or has no load
WARNING: [Synth 8-7129] Port DataOutY[15] in module DataMemory is either unconnected or has no load
WARNING: [Synth 8-7129] Port DataOutY[14] in module DataMemory is either unconnected or has no load
WARNING: [Synth 8-7129] Port DataOutY[13] in module DataMemory is either unconnected or has no load
WARNING: [Synth 8-7129] Port DataOutY[12] in module DataMemory is either unconnected or has no load
WARNING: [Synth 8-7129] Port DataOutY[11] in module DataMemory is either unconnected or has no load
WARNING: [Synth 8-7129] Port DataOutY[10] in module DataMemory is either unconnected or has no load
WARNING: [Synth 8-7129] Port DataOutY[9] in module DataMemory is either unconnected or has no load
WARNING: [Synth 8-7129] Port DataOutY[8] in module DataMemory is either unconnected or has no load
WARNING: [Synth 8-7129] Port DataOutY[7] in module DataMemory is either unconnected or has no load
WARNING: [Synth 8-7129] Port DataOutY[6] in module DataMemory is either unconnected or has no load
WARNING: [Synth 8-7129] Port psclock in module toplevel is either unconnected or has no load
WARNING: [Synth 8-7129] Port reset in module toplevel is either unconnected or has no load
---------------------------------------------------------------------------------
Finished RTL Elaboration : Time (s): cpu = 00:00:14 ; elapsed = 00:00:15 . Memory (MB): peak = 1480.062 ; gain = 681.480
---------------------------------------------------------------------------------
---------------------------------------------------------------------------------
Start Handling Custom Attributes
---------------------------------------------------------------------------------
---------------------------------------------------------------------------------
Finished Handling Custom Attributes : Time (s): cpu = 00:00:14 ; elapsed = 00:00:15 . Memory (MB): peak = 1480.062 ; gain = 681.480
---------------------------------------------------------------------------------
---------------------------------------------------------------------------------
Finished RTL Optimization Phase 1 : Time (s): cpu = 00:00:14 ; elapsed = 00:00:15 . Memory (MB): peak = 1480.062 ; gain = 681.480
---------------------------------------------------------------------------------
Netlist sorting complete. Time (s): cpu = 00:00:00 ; elapsed = 00:00:00.050 . Memory (MB): peak = 1480.062 ; gain = 0.000
INFO: [Netlist 29-17] Analyzing 1 Unisim elements for replacement
INFO: [Netlist 29-28] Unisim Transformation completed in 0 CPU seconds
INFO: [Project 1-570] Preparing netlist for logic optimization

Processing XDC Constraints
Initializing timing engine
Parsing XDC File [C:/Users/wqewqe/School/PersonalCPU/PersonalCPU.srcs/constrs_1/new/system.xdc]
WARNING: [Vivado 12-584] No ports matched 'Db[0]'. [C:/Users/wqewqe/School/PersonalCPU/PersonalCPU.srcs/constrs_1/new/system.xdc:22]
CRITICAL WARNING: [Common 17-55] 'set_property' expects at least one object. [C:/Users/wqewqe/School/PersonalCPU/PersonalCPU.srcs/constrs_1/new/system.xdc:22]
Resolution: If [get_<value>] was used to populate the object, check to make sure this command returns at least one valid object.
WARNING: [Vivado 12-584] No ports matched 'Db[1]'. [C:/Users/wqewqe/School/PersonalCPU/PersonalCPU.srcs/constrs_1/new/system.xdc:23]
CRITICAL WARNING: [Common 17-55] 'set_property' expects at least one object. [C:/Users/wqewqe/School/PersonalCPU/PersonalCPU.srcs/constrs_1/new/system.xdc:23]
Resolution: If [get_<value>] was used to populate the object, check to make sure this command returns at least one valid object.
WARNING: [Vivado 12-584] No ports matched 'Db[2]'. [C:/Users/wqewqe/School/PersonalCPU/PersonalCPU.srcs/constrs_1/new/system.xdc:24]
CRITICAL WARNING: [Common 17-55] 'set_property' expects at least one object. [C:/Users/wqewqe/School/PersonalCPU/PersonalCPU.srcs/constrs_1/new/system.xdc:24]
Resolution: If [get_<value>] was used to populate the object, check to make sure this command returns at least one valid object.
WARNING: [Vivado 12-584] No ports matched 'Db[3]'. [C:/Users/wqewqe/School/PersonalCPU/PersonalCPU.srcs/constrs_1/new/system.xdc:25]
CRITICAL WARNING: [Common 17-55] 'set_property' expects at least one object. [C:/Users/wqewqe/School/PersonalCPU/PersonalCPU.srcs/constrs_1/new/system.xdc:25]
Resolution: If [get_<value>] was used to populate the object, check to make sure this command returns at least one valid object.
WARNING: [Vivado 12-584] No ports matched 'Db[4]'. [C:/Users/wqewqe/School/PersonalCPU/PersonalCPU.srcs/constrs_1/new/system.xdc:26]
CRITICAL WARNING: [Common 17-55] 'set_property' expects at least one object. [C:/Users/wqewqe/School/PersonalCPU/PersonalCPU.srcs/constrs_1/new/system.xdc:26]
Resolution: If [get_<value>] was used to populate the object, check to make sure this command returns at least one valid object.
WARNING: [Vivado 12-584] No ports matched 'Db[5]'. [C:/Users/wqewqe/School/PersonalCPU/PersonalCPU.srcs/constrs_1/new/system.xdc:27]
CRITICAL WARNING: [Common 17-55] 'set_property' expects at least one object. [C:/Users/wqewqe/School/PersonalCPU/PersonalCPU.srcs/constrs_1/new/system.xdc:27]
Resolution: If [get_<value>] was used to populate the object, check to make sure this command returns at least one valid object.
WARNING: [Vivado 12-584] No ports matched 'Db[6]'. [C:/Users/wqewqe/School/PersonalCPU/PersonalCPU.srcs/constrs_1/new/system.xdc:28]
CRITICAL WARNING: [Common 17-55] 'set_property' expects at least one object. [C:/Users/wqewqe/School/PersonalCPU/PersonalCPU.srcs/constrs_1/new/system.xdc:28]
Resolution: If [get_<value>] was used to populate the object, check to make sure this command returns at least one valid object.
WARNING: [Vivado 12-584] No ports matched 'Db[7]'. [C:/Users/wqewqe/School/PersonalCPU/PersonalCPU.srcs/constrs_1/new/system.xdc:29]
CRITICAL WARNING: [Common 17-55] 'set_property' expects at least one object. [C:/Users/wqewqe/School/PersonalCPU/PersonalCPU.srcs/constrs_1/new/system.xdc:29]
Resolution: If [get_<value>] was used to populate the object, check to make sure this command returns at least one valid object.
WARNING: [Vivado 12-584] No ports matched 'Rs'. [C:/Users/wqewqe/School/PersonalCPU/PersonalCPU.srcs/constrs_1/new/system.xdc:36]
CRITICAL WARNING: [Common 17-55] 'set_property' expects at least one object. [C:/Users/wqewqe/School/PersonalCPU/PersonalCPU.srcs/constrs_1/new/system.xdc:36]
Resolution: If [get_<value>] was used to populate the object, check to make sure this command returns at least one valid object.
WARNING: [Vivado 12-584] No ports matched 'Rw'. [C:/Users/wqewqe/School/PersonalCPU/PersonalCPU.srcs/constrs_1/new/system.xdc:37]
CRITICAL WARNING: [Common 17-55] 'set_property' expects at least one object. [C:/Users/wqewqe/School/PersonalCPU/PersonalCPU.srcs/constrs_1/new/system.xdc:37]
Resolution: If [get_<value>] was used to populate the object, check to make sure this command returns at least one valid object.
WARNING: [Vivado 12-584] No ports matched 'E'. [C:/Users/wqewqe/School/PersonalCPU/PersonalCPU.srcs/constrs_1/new/system.xdc:38]
CRITICAL WARNING: [Common 17-55] 'set_property' expects at least one object. [C:/Users/wqewqe/School/PersonalCPU/PersonalCPU.srcs/constrs_1/new/system.xdc:38]
Resolution: If [get_<value>] was used to populate the object, check to make sure this command returns at least one valid object.
WARNING: [Vivado 12-584] No ports matched 'uart_tx'. [C:/Users/wqewqe/School/PersonalCPU/PersonalCPU.srcs/constrs_1/new/system.xdc:41]
CRITICAL WARNING: [Common 17-55] 'set_property' expects at least one object. [C:/Users/wqewqe/School/PersonalCPU/PersonalCPU.srcs/constrs_1/new/system.xdc:41]
Resolution: If [get_<value>] was used to populate the object, check to make sure this command returns at least one valid object.
WARNING: [Vivado 12-584] No ports matched 'uart_rx'. [C:/Users/wqewqe/School/PersonalCPU/PersonalCPU.srcs/constrs_1/new/system.xdc:42]
CRITICAL WARNING: [Common 17-55] 'set_property' expects at least one object. [C:/Users/wqewqe/School/PersonalCPU/PersonalCPU.srcs/constrs_1/new/system.xdc:42]
Resolution: If [get_<value>] was used to populate the object, check to make sure this command returns at least one valid object.
Finished Parsing XDC File [C:/Users/wqewqe/School/PersonalCPU/PersonalCPU.srcs/constrs_1/new/system.xdc]
INFO: [Project 1-236] Implementation specific constraints were found while reading constraint file [C:/Users/wqewqe/School/PersonalCPU/PersonalCPU.srcs/constrs_1/new/system.xdc]. These constraints will be ignored for synthesis but will be used in implementation. Impacted constraints are listed in the file [.Xil/toplevel_propImpl.xdc].
Resolution: To avoid this warning, move constraints listed in [.Xil/toplevel_propImpl.xdc] to another XDC file and exclude this new file from synthesis with the used_in_synthesis property (File Properties dialog in GUI) and re-run elaboration/synthesis.
Completed Processing XDC Constraints

Netlist sorting complete. Time (s): cpu = 00:00:00 ; elapsed = 00:00:00.002 . Memory (MB): peak = 1536.508 ; gain = 0.000
INFO: [Project 1-111] Unisim Transformation Summary:
No Unisim elements were transformed.

Constraint Validation Runtime : Time (s): cpu = 00:00:00 ; elapsed = 00:00:00.050 . Memory (MB): peak = 1536.508 ; gain = 0.000
INFO: [Designutils 20-5440] No compile time benefit to using incremental synthesis; A full resynthesis will be run
INFO: [Designutils 20-4379] Flow is switching to default flow due to incremental criteria not met. If you would like to alter this behaviour and have the flow terminate instead, please set the following parameter config_implementation {autoIncr.Synth.RejectBehavior Terminate}
---------------------------------------------------------------------------------
Finished Constraint Validation : Time (s): cpu = 00:00:29 ; elapsed = 00:00:31 . Memory (MB): peak = 1536.508 ; gain = 737.926
---------------------------------------------------------------------------------
---------------------------------------------------------------------------------
Start Loading Part and Timing Information
---------------------------------------------------------------------------------
Loading part: xc7z020clg400-1
---------------------------------------------------------------------------------
Finished Loading Part and Timing Information : Time (s): cpu = 00:00:29 ; elapsed = 00:00:31 . Memory (MB): peak = 1536.508 ; gain = 737.926
---------------------------------------------------------------------------------
---------------------------------------------------------------------------------
Start Applying 'set_property' XDC Constraints
---------------------------------------------------------------------------------
---------------------------------------------------------------------------------
Finished applying 'set_property' XDC Constraints : Time (s): cpu = 00:00:29 ; elapsed = 00:00:31 . Memory (MB): peak = 1536.508 ; gain = 737.926
---------------------------------------------------------------------------------
WARNING: [Synth 8-327] inferring latch for variable 'SX_Addr_reg' [C:/Users/wqewqe/School/PersonalCPU/PersonalCPU.srcs/sources_1/new/IfAndDec.vhd:56]
WARNING: [Synth 8-327] inferring latch for variable 'SY_Addr_reg' [C:/Users/wqewqe/School/PersonalCPU/PersonalCPU.srcs/sources_1/new/IfAndDec.vhd:57]
WARNING: [Synth 8-327] inferring latch for variable 'DMemAddr_dir_reg' [C:/Users/wqewqe/School/PersonalCPU/PersonalCPU.srcs/sources_1/new/IfAndDec.vhd:58]
WARNING: [Synth 8-327] inferring latch for variable 'ENInterrupt_reg' [C:/Users/wqewqe/School/PersonalCPU/PersonalCPU.srcs/sources_1/new/IfAndDec.vhd:59]
WARNING: [Synth 8-327] inferring latch for variable 'Instr_code_reg' [C:/Users/wqewqe/School/PersonalCPU/PersonalCPU.srcs/sources_1/new/IfAndDec.vhd:64]
WARNING: [Synth 8-327] inferring latch for variable 'PortID_dir_reg' [C:/Users/wqewqe/School/PersonalCPU/PersonalCPU.srcs/sources_1/new/IfAndDec.vhd:60]
WARNING: [Synth 8-327] inferring latch for variable 'Branch_Addr_reg' [C:/Users/wqewqe/School/PersonalCPU/PersonalCPU.srcs/sources_1/new/IfAndDec.vhd:61]
WARNING: [Synth 8-327] inferring latch for variable 'AL_Instr_Ext_reg' [C:/Users/wqewqe/School/PersonalCPU/PersonalCPU.srcs/sources_1/new/IfAndDec.vhd:62]
WARNING: [Synth 8-327] inferring latch for variable 'KK_const_reg' [C:/Users/wqewqe/School/PersonalCPU/PersonalCPU.srcs/sources_1/new/IfAndDec.vhd:63]
WARNING: [Synth 8-327] inferring latch for variable 'Carry_reg' [C:/Users/wqewqe/School/PersonalCPU/PersonalCPU.srcs/sources_1/new/ALU.vhd:62]
WARNING: [Synth 8-327] inferring latch for variable 'Zero_reg' [C:/Users/wqewqe/School/PersonalCPU/PersonalCPU.srcs/sources_1/new/ALU.vhd:63]
WARNING: [Synth 8-327] inferring latch for variable 'ALU_Result_reg' [C:/Users/wqewqe/School/PersonalCPU/PersonalCPU.srcs/sources_1/new/ALU.vhd:64]
---------------------------------------------------------------------------------
Finished RTL Optimization Phase 2 : Time (s): cpu = 00:00:31 ; elapsed = 00:00:33 . Memory (MB): peak = 1536.508 ; gain = 737.926
---------------------------------------------------------------------------------
---------------------------------------------------------------------------------
Start RTL Component Statistics 
---------------------------------------------------------------------------------
Detailed RTL Component Info : 
+---Adders : 
	   3 Input   17 Bit       Adders := 1     
	   2 Input   12 Bit       Adders := 1     
	   2 Input   10 Bit       Adders := 2     
	   2 Input    9 Bit       Adders := 2     
	   4 Input    8 Bit       Adders := 1     
	   3 Input    8 Bit       Adders := 1     
	   2 Input    8 Bit       Adders := 1     
	   4 Input    5 Bit       Adders := 1     
	   3 Input    5 Bit       Adders := 1     
	   2 Input    5 Bit       Adders := 2     
	   2 Input    3 Bit       Adders := 1     
	   2 Input    2 Bit       Adders := 1     
+---XORs : 
	   2 Input      8 Bit         XORs := 2     
+---Registers : 
	               17 Bit    Registers := 1     
	               16 Bit    Registers := 86    
	               12 Bit    Registers := 33    
	                8 Bit    Registers := 2     
	                5 Bit    Registers := 2     
	                3 Bit    Registers := 3     
	                2 Bit    Registers := 1     
	                1 Bit    Registers := 20    
+---Muxes : 
	   2 Input   16 Bit        Muxes := 3     
	  18 Input   16 Bit        Muxes := 2     
	  11 Input   16 Bit        Muxes := 1     
	   2 Input   12 Bit        Muxes := 68    
	   2 Input    8 Bit        Muxes := 1     
	   2 Input    6 Bit        Muxes := 1     
	   2 Input    4 Bit        Muxes := 1     
	   2 Input    3 Bit        Muxes := 1     
	  15 Input    3 Bit        Muxes := 1     
	   2 Input    2 Bit        Muxes := 1     
	   2 Input    1 Bit        Muxes := 94    
	   4 Input    1 Bit        Muxes := 2     
	   7 Input    1 Bit        Muxes := 7     
	  15 Input    1 Bit        Muxes := 2     
	   5 Input    1 Bit        Muxes := 3     
	   8 Input    1 Bit        Muxes := 1     
	  18 Input    1 Bit        Muxes := 2     
	  11 Input    1 Bit        Muxes := 3     
---------------------------------------------------------------------------------
Finished RTL Component Statistics 
---------------------------------------------------------------------------------
---------------------------------------------------------------------------------
Start Part Resource Summary
---------------------------------------------------------------------------------
Part Resources:
DSPs: 220 (col length:60)
BRAMs: 280 (col length: RAMB18 60 RAMB36 30)
---------------------------------------------------------------------------------
Finished Part Resource Summary
---------------------------------------------------------------------------------
---------------------------------------------------------------------------------
Start Cross Boundary and Area Optimization
---------------------------------------------------------------------------------
WARNING: [Synth 8-7129] Port Al_Instr_Ext[3] in module ALU is either unconnected or has no load
WARNING: [Synth 8-7129] Port Al_Instr_Ext[2] in module ALU is either unconnected or has no load
WARNING: [Synth 8-7129] Port Al_Instr_Ext[1] in module ALU is either unconnected or has no load
WARNING: [Synth 8-7129] Port Al_Instr_Ext[0] in module ALU is either unconnected or has no load
WARNING: [Synth 8-7129] Port DataOutY[15] in module DataMemory is either unconnected or has no load
WARNING: [Synth 8-7129] Port DataOutY[14] in module DataMemory is either unconnected or has no load
WARNING: [Synth 8-7129] Port DataOutY[13] in module DataMemory is either unconnected or has no load
WARNING: [Synth 8-7129] Port DataOutY[12] in module DataMemory is either unconnected or has no load
WARNING: [Synth 8-7129] Port DataOutY[11] in module DataMemory is either unconnected or has no load
WARNING: [Synth 8-7129] Port DataOutY[10] in module DataMemory is either unconnected or has no load
WARNING: [Synth 8-7129] Port DataOutY[9] in module DataMemory is either unconnected or has no load
WARNING: [Synth 8-7129] Port DataOutY[8] in module DataMemory is either unconnected or has no load
WARNING: [Synth 8-7129] Port DataOutY[7] in module DataMemory is either unconnected or has no load
WARNING: [Synth 8-7129] Port DataOutY[6] in module DataMemory is either unconnected or has no load
WARNING: [Synth 8-7129] Port psclock in module toplevel is either unconnected or has no load
WARNING: [Synth 8-7129] Port reset in module toplevel is either unconnected or has no load
WARNING: [Synth 8-3332] Sequential element (processor/IfAndDec_inst/AL_Instr_Ext_reg[3]) is unused and will be removed from module toplevel.
WARNING: [Synth 8-3332] Sequential element (processor/IfAndDec_inst/AL_Instr_Ext_reg[2]) is unused and will be removed from module toplevel.
WARNING: [Synth 8-3332] Sequential element (processor/IfAndDec_inst/AL_Instr_Ext_reg[1]) is unused and will be removed from module toplevel.
WARNING: [Synth 8-3332] Sequential element (processor/IfAndDec_inst/AL_Instr_Ext_reg[0]) is unused and will be removed from module toplevel.
WARNING: [Synth 8-3332] Sequential element (processor/IfAndDec_inst/ENInterrupt_reg) is unused and will be removed from module toplevel.
---------------------------------------------------------------------------------
Finished Cross Boundary and Area Optimization : Time (s): cpu = 00:00:53 ; elapsed = 00:00:56 . Memory (MB): peak = 1628.598 ; gain = 830.016
---------------------------------------------------------------------------------
---------------------------------------------------------------------------------
Start Applying XDC Timing Constraints
---------------------------------------------------------------------------------
---------------------------------------------------------------------------------
Finished Applying XDC Timing Constraints : Time (s): cpu = 00:01:03 ; elapsed = 00:01:05 . Memory (MB): peak = 1693.066 ; gain = 894.484
---------------------------------------------------------------------------------
---------------------------------------------------------------------------------
Start Timing Optimization
---------------------------------------------------------------------------------
---------------------------------------------------------------------------------
Finished Timing Optimization : Time (s): cpu = 00:01:12 ; elapsed = 00:01:14 . Memory (MB): peak = 1812.000 ; gain = 1013.418
---------------------------------------------------------------------------------
---------------------------------------------------------------------------------
Start Technology Mapping
---------------------------------------------------------------------------------
---------------------------------------------------------------------------------
Finished Technology Mapping : Time (s): cpu = 00:01:14 ; elapsed = 00:01:16 . Memory (MB): peak = 1830.086 ; gain = 1031.504
---------------------------------------------------------------------------------
---------------------------------------------------------------------------------
Start IO Insertion
---------------------------------------------------------------------------------
---------------------------------------------------------------------------------
Start Flattening Before IO Insertion
---------------------------------------------------------------------------------
---------------------------------------------------------------------------------
Finished Flattening Before IO Insertion
---------------------------------------------------------------------------------
---------------------------------------------------------------------------------
Start Final Netlist Cleanup
---------------------------------------------------------------------------------
---------------------------------------------------------------------------------
Finished Final Netlist Cleanup
---------------------------------------------------------------------------------
---------------------------------------------------------------------------------
Finished IO Insertion : Time (s): cpu = 00:01:20 ; elapsed = 00:01:23 . Memory (MB): peak = 1975.273 ; gain = 1176.691
---------------------------------------------------------------------------------
---------------------------------------------------------------------------------
Start Renaming Generated Instances
---------------------------------------------------------------------------------
---------------------------------------------------------------------------------
Finished Renaming Generated Instances : Time (s): cpu = 00:01:20 ; elapsed = 00:01:23 . Memory (MB): peak = 1975.273 ; gain = 1176.691
---------------------------------------------------------------------------------
---------------------------------------------------------------------------------
Start Rebuilding User Hierarchy
---------------------------------------------------------------------------------
---------------------------------------------------------------------------------
Finished Rebuilding User Hierarchy : Time (s): cpu = 00:01:21 ; elapsed = 00:01:24 . Memory (MB): peak = 1975.273 ; gain = 1176.691
---------------------------------------------------------------------------------
---------------------------------------------------------------------------------
Start Renaming Generated Ports
---------------------------------------------------------------------------------
---------------------------------------------------------------------------------
Finished Renaming Generated Ports : Time (s): cpu = 00:01:21 ; elapsed = 00:01:24 . Memory (MB): peak = 1975.273 ; gain = 1176.691
---------------------------------------------------------------------------------
---------------------------------------------------------------------------------
Start Handling Custom Attributes
---------------------------------------------------------------------------------
---------------------------------------------------------------------------------
Finished Handling Custom Attributes : Time (s): cpu = 00:01:21 ; elapsed = 00:01:24 . Memory (MB): peak = 1975.273 ; gain = 1176.691
---------------------------------------------------------------------------------
---------------------------------------------------------------------------------
Start Renaming Generated Nets
---------------------------------------------------------------------------------
---------------------------------------------------------------------------------
Finished Renaming Generated Nets : Time (s): cpu = 00:01:21 ; elapsed = 00:01:24 . Memory (MB): peak = 1975.273 ; gain = 1176.691
---------------------------------------------------------------------------------
---------------------------------------------------------------------------------
Start Writing Synthesis Report
---------------------------------------------------------------------------------

Report BlackBoxes: 
+-+--------------+----------+
| |BlackBox name |Instances |
+-+--------------+----------+
+-+--------------+----------+

Report Cell Usage: 
+------+---------+------+
|      |Cell     |Count |
+------+---------+------+
|1     |BUFG     |     1|
|2     |CARRY4   |    45|
|3     |LUT1     |    19|
|4     |LUT2     |   119|
|5     |LUT3     |    55|
|6     |LUT4     |   112|
|7     |LUT5     |   507|
|8     |LUT6     |   954|
|9     |MUXF7    |   157|
|10    |MUXF8    |    72|
|11    |RAMB36E1 |     1|
|12    |FDRE     |  1815|
|13    |LDC      |    66|
|14    |IBUF     |     7|
|15    |OBUF     |    16|
+------+---------+------+
---------------------------------------------------------------------------------
Finished Writing Synthesis Report : Time (s): cpu = 00:01:21 ; elapsed = 00:01:24 . Memory (MB): peak = 1975.273 ; gain = 1176.691
---------------------------------------------------------------------------------
Synthesis finished with 0 errors, 0 critical warnings and 33 warnings.
Synthesis Optimization Runtime : Time (s): cpu = 00:01:04 ; elapsed = 00:01:20 . Memory (MB): peak = 1975.273 ; gain = 1120.246
Synthesis Optimization Complete : Time (s): cpu = 00:01:22 ; elapsed = 00:01:25 . Memory (MB): peak = 1975.273 ; gain = 1176.691
INFO: [Project 1-571] Translating synthesized netlist
Netlist sorting complete. Time (s): cpu = 00:00:00 ; elapsed = 00:00:00.069 . Memory (MB): peak = 1982.363 ; gain = 0.000
INFO: [Netlist 29-17] Analyzing 341 Unisim elements for replacement
INFO: [Netlist 29-28] Unisim Transformation completed in 0 CPU seconds
INFO: [Project 1-570] Preparing netlist for logic optimization
INFO: [Opt 31-138] Pushed 0 inverter(s) to 0 load pin(s).
Netlist sorting complete. Time (s): cpu = 00:00:00 ; elapsed = 00:00:00.002 . Memory (MB): peak = 1990.035 ; gain = 0.000
INFO: [Project 1-111] Unisim Transformation Summary:
  A total of 66 instances were transformed.
  LDC => LDCE: 66 instances

Synth Design complete | Checksum: 7769e0b
INFO: [Common 17-83] Releasing license: Synthesis
53 Infos, 72 Warnings, 13 Critical Warnings and 0 Errors encountered.
synth_design completed successfully
synth_design: Time (s): cpu = 00:01:30 ; elapsed = 00:01:37 . Memory (MB): peak = 1990.035 ; gain = 1420.332
INFO: [runtcl-6] Synthesis results are not added to the cache due to CRITICAL_WARNING
Write ShapeDB Complete: Time (s): cpu = 00:00:00 ; elapsed = 00:00:00.008 . Memory (MB): peak = 1990.035 ; gain = 0.000
INFO: [Common 17-1381] The checkpoint 'C:/Users/wqewqe/School/PersonalCPU/PersonalCPU.runs/synth_1/toplevel.dcp' has been generated.
INFO: [Vivado 12-24828] Executing command : report_utilization -file toplevel_utilization_synth.rpt -pb toplevel_utilization_synth.pb
INFO: [Common 17-206] Exiting Vivado at Mon Apr 27 09:16:27 2026...
