Copyright 1986-2022 Xilinx, Inc. All Rights Reserved. Copyright 2022-2025 Advanced Micro Devices, Inc. All Rights Reserved.
---------------------------------------------------------------------------------------------------------------------------------------------
| Tool Version : Vivado v.2025.2 (win64) Build 6299465 Fri Nov 14 19:35:11 GMT 2025
| Date         : Tue Apr 21 11:43:11 2026
| Host         : ThinkPad-Progenor running 64-bit major release  (build 9200)
| Command      : report_drc -file toplevel_drc_routed.rpt -pb toplevel_drc_routed.pb -rpx toplevel_drc_routed.rpx
| Design       : toplevel
| Device       : xc7z020clg400-1
| Speed File   : -1
| Design State : Fully Routed
---------------------------------------------------------------------------------------------------------------------------------------------

Report DRC

Table of Contents
-----------------
1. REPORT SUMMARY
2. REPORT DETAILS

1. REPORT SUMMARY
-----------------
            Netlist: netlist
          Floorplan: design_1
      Design limits: <entire design considered>
           Ruledeck: default
             Max checks: <unlimited>
             Checks found: 10
+----------+------------------+----------------------------+--------+
| Rule     | Severity         | Description                | Checks |
+----------+------------------+----------------------------+--------+
| NSTD-1   | Critical Warning | Unspecified I/O Standard   | 1      |
| UCIO-1   | Critical Warning | Unconstrained Logical Port | 1      |
| PDRC-153 | Warning          | Gated clock check          | 7      |
| ZPS7-1   | Warning          | PS7 block required         | 1      |
+----------+------------------+----------------------------+--------+

2. REPORT DETAILS
-----------------
NSTD-1#1 Critical Warning
Unspecified I/O Standard  
13 out of 23 logical ports use I/O standard (IOSTANDARD) value 'DEFAULT', instead of a user assigned specific value. This may cause I/O contention or incompatibility with the board power or connectivity affecting performance, signal integrity or in extreme cases cause damage to the device or the components to which it is connected. To correct this violation, specify all I/O standards. This design will fail to generate a bitstream unless all logical ports have a user specified I/O standard value defined. To allow bitstream creation with unspecified I/O standard values (not recommended), use this command: set_property SEVERITY {Warning} [get_drc_checks NSTD-1].  NOTE: When using the Vivado Runs infrastructure (e.g. launch_runs Tcl command), add this command to a .tcl file and add that file as a pre-hook for write_bitstream step for the implementation run. Problem ports: LEDsw, lcd_control[2:0], lcd_data[7:0], test_clk.
Related violations: <none>

UCIO-1#1 Critical Warning
Unconstrained Logical Port  
13 out of 23 logical ports have no user assigned specific location constraint (LOC). This may cause I/O contention or incompatibility with the board power or connectivity affecting performance, signal integrity or in extreme cases cause damage to the device or the components to which it is connected. To correct this violation, specify all pin locations. This design will fail to generate a bitstream unless all logical ports have a user specified site LOC constraint defined.  To allow bitstream creation with unspecified pin locations (not recommended), use this command: set_property SEVERITY {Warning} [get_drc_checks UCIO-1].  NOTE: When using the Vivado Runs infrastructure (e.g. launch_runs Tcl command), add this command to a .tcl file and add that file as a pre-hook for write_bitstream step for the implementation run.  Problem ports: LEDsw, lcd_control[2:0], lcd_data[7:0], test_clk.
Related violations: <none>

PDRC-153#1 Warning
Gated clock check  
Net processor/PFC_inst/phasenum_reg[1]_0[0] is a gated clock net sourced by a combinational pin processor/PFC_inst/Instr_code_reg[5]_i_2/O, cell processor/PFC_inst/Instr_code_reg[5]_i_2. This is not good design practice and will likely impact performance. For SLICE registers, for example, use the CE pin to control the loading of data.
Related violations: <none>

PDRC-153#2 Warning
Gated clock check  
Net processor/PFC_inst/phasenum_reg[1]_1[0] is a gated clock net sourced by a combinational pin processor/PFC_inst/PortID_dir_reg[7]_i_2/O, cell processor/PFC_inst/PortID_dir_reg[7]_i_2. This is not good design practice and will likely impact performance. For SLICE registers, for example, use the CE pin to control the loading of data.
Related violations: <none>

PDRC-153#3 Warning
Gated clock check  
Net processor/PFC_inst/phasenum_reg[1]_2[0] is a gated clock net sourced by a combinational pin processor/PFC_inst/SY_Addr_reg[3]_i_2/O, cell processor/PFC_inst/SY_Addr_reg[3]_i_2. This is not good design practice and will likely impact performance. For SLICE registers, for example, use the CE pin to control the loading of data.
Related violations: <none>

PDRC-153#4 Warning
Gated clock check  
Net processor/PFC_inst/phasenum_reg[1]_3[0] is a gated clock net sourced by a combinational pin processor/PFC_inst/DMemAddr_dir_reg[5]_i_2/O, cell processor/PFC_inst/DMemAddr_dir_reg[5]_i_2. This is not good design practice and will likely impact performance. For SLICE registers, for example, use the CE pin to control the loading of data.
Related violations: <none>

PDRC-153#5 Warning
Gated clock check  
Net processor/PFC_inst/phasenum_reg[1]_4[0] is a gated clock net sourced by a combinational pin processor/PFC_inst/KK_const_reg[7]_i_2/O, cell processor/PFC_inst/KK_const_reg[7]_i_2. This is not good design practice and will likely impact performance. For SLICE registers, for example, use the CE pin to control the loading of data.
Related violations: <none>

PDRC-153#6 Warning
Gated clock check  
Net processor/PFC_inst/phasenum_reg[1]_5[0] is a gated clock net sourced by a combinational pin processor/PFC_inst/Branch_Addr_reg[11]_i_2/O, cell processor/PFC_inst/Branch_Addr_reg[11]_i_2. This is not good design practice and will likely impact performance. For SLICE registers, for example, use the CE pin to control the loading of data.
Related violations: <none>

PDRC-153#7 Warning
Gated clock check  
Net processor/PFC_inst/phasenum_reg[1]_6[0] is a gated clock net sourced by a combinational pin processor/PFC_inst/SX_Addr_reg[3]_i_2/O, cell processor/PFC_inst/SX_Addr_reg[3]_i_2. This is not good design practice and will likely impact performance. For SLICE registers, for example, use the CE pin to control the loading of data.
Related violations: <none>

ZPS7-1#1 Warning
PS7 block required  
The PS7 cell must be used in this Zynq design in order to enable correct default configuration.
Related violations: <none>


