Copyright 1986-2022 Xilinx, Inc. All Rights Reserved. Copyright 2022-2023 Advanced Micro Devices, Inc. All Rights Reserved.
---------------------------------------------------------------------------------------------------------------------------------------------
| Tool Version : Vivado v.2023.2 (win64) Build 4029153 Fri Oct 13 20:14:34 MDT 2023
| Date         : Fri Feb 20 12:54:27 2026
| Host         : progenorLaptop running 64-bit major release  (build 9200)
| Command      : report_control_sets -verbose -file toplevel_control_sets_placed.rpt
| Design       : toplevel
| Device       : xc7z020
---------------------------------------------------------------------------------------------------------------------------------------------

Control Set Information

Table of Contents
-----------------
1. Summary
2. Histogram
3. Flip-Flop Distribution
4. Detailed Control Set Information

1. Summary
----------

+----------------------------------------------------------+-------+
|                          Status                          | Count |
+----------------------------------------------------------+-------+
| Total control sets                                       |    99 |
|    Minimum number of control sets                        |    99 |
|    Addition due to synthesis replication                 |     0 |
|    Addition due to physical synthesis replication        |     0 |
| Unused register locations in slices containing registers |    59 |
+----------------------------------------------------------+-------+
* Control sets can be merged at opt_design using control_set_merge or merge_equivalent_drivers
** Run report_qor_suggestions for automated merging and remapping suggestions


2. Histogram
------------

+--------------------+-------+
|       Fanout       | Count |
+--------------------+-------+
| Total control sets |    99 |
| >= 0 to < 4        |     0 |
| >= 4 to < 6        |     6 |
| >= 6 to < 8        |     2 |
| >= 8 to < 10       |     5 |
| >= 10 to < 12      |     0 |
| >= 12 to < 14      |     1 |
| >= 14 to < 16      |     0 |
| >= 16              |    85 |
+--------------------+-------+
* Control sets can be remapped at either synth_design or opt_design


3. Flip-Flop Distribution
-------------------------

+--------------+-----------------------+------------------------+-----------------+--------------+
| Clock Enable | Synchronous Set/Reset | Asynchronous Set/Reset | Total Registers | Total Slices |
+--------------+-----------------------+------------------------+-----------------+--------------+
| No           | No                    | No                     |              92 |           50 |
| No           | No                    | Yes                    |               0 |            0 |
| No           | Yes                   | No                     |               0 |            0 |
| Yes          | No                    | No                     |            1745 |          552 |
| Yes          | No                    | Yes                    |               0 |            0 |
| Yes          | Yes                   | No                     |              16 |           10 |
+--------------+-----------------------+------------------------+-----------------+--------------+


4. Detailed Control Set Information
-----------------------------------

+------------------------------------------+--------------------------------------------------+--------------------------+------------------+----------------+--------------+
|               Clock Signal               |                   Enable Signal                  |     Set/Reset Signal     | Slice Load Count | Bel Load Count | Bels / Slice |
+------------------------------------------+--------------------------------------------------+--------------------------+------------------+----------------+--------------+
| ~clk_IBUF_BUFG                           | processor/PFC_inst/IOwr_reg_1                    |                          |                2 |              4 |         2.00 |
|  processor/PFC_inst/phasenum_reg[1]_6[0] |                                                  |                          |                1 |              4 |         4.00 |
|  processor/PFC_inst/phasenum_reg[1]_5[0] |                                                  |                          |                2 |              4 |         2.00 |
|  clk_IBUF_BUFG                           | processor/IfAndDec_inst/Wr_strobe_reg[0]         |                          |                2 |              4 |         2.00 |
|  clk_IBUF_BUFG                           | processor/IfAndDec_inst/Rd_strobe_reg[0]         |                          |                1 |              4 |         4.00 |
| ~clk_IBUF_BUFG                           | processor/PFC_inst/IOrd_reg_0                    |                          |                2 |              4 |         2.00 |
|  processor/PFC_inst/phasenum_reg[1]_0[0] |                                                  |                          |                4 |              6 |         1.50 |
|  processor/PFC_inst/phasenum_reg[1]_4[0] |                                                  |                          |                3 |              6 |         2.00 |
|  processor/PFC_inst/phasenum_reg[1]_1[0] |                                                  |                          |                2 |              8 |         4.00 |
|  processor/PFC_inst/phasenum_reg[1]_3[0] |                                                  |                          |                3 |              8 |         2.67 |
| ~clk_IBUF_BUFG                           | processor/IfAndDec_inst/Execute_reg[0]           |                          |                7 |              8 |         1.14 |
| ~clk_IBUF_BUFG                           | processor/IfAndDec_inst/Execute_reg[1]           |                          |                6 |              8 |         1.33 |
| ~clk_IBUF_BUFG                           |                                                  |                          |                6 |              9 |         1.50 |
|  processor/PFC_inst/phasenum_reg[1]_2[0] |                                                  |                          |                3 |             12 |         4.00 |
| ~clk_IBUF_BUFG                           | processor/RegisterBlock_inst/Tarolo[9]_166       |                          |               10 |             16 |         1.60 |
| ~clk_IBUF_BUFG                           | processor/IfAndDec_inst/Tarolo[7]_86             |                          |                3 |             16 |         5.33 |
| ~clk_IBUF_BUFG                           | processor/RegisterBlock_inst/Tarolo[51]_184      |                          |                3 |             16 |         5.33 |
| ~clk_IBUF_BUFG                           | processor/IfAndDec_inst/RW_reg_inv               |                          |                5 |             16 |         3.20 |
| ~clk_IBUF_BUFG                           | processor/IfAndDec_inst/Tarolo[14]_93            |                          |                6 |             16 |         2.67 |
| ~clk_IBUF_BUFG                           | processor/IfAndDec_inst/Tarolo[11]_90            |                          |                5 |             16 |         3.20 |
| ~clk_IBUF_BUFG                           | processor/IfAndDec_inst/Tarolo[47]_155           |                          |                8 |             16 |         2.00 |
| ~clk_IBUF_BUFG                           | processor/IfAndDec_inst/Tarolo[1]_80             |                          |                7 |             16 |         2.29 |
| ~clk_IBUF_BUFG                           | processor/IfAndDec_inst/Tarolo[4]_83             |                          |                4 |             16 |         4.00 |
| ~clk_IBUF_BUFG                           | processor/IfAndDec_inst/Tarolo[10]_89            |                          |                4 |             16 |         4.00 |
| ~clk_IBUF_BUFG                           | processor/IfAndDec_inst/Tarolo[13]_92            |                          |                5 |             16 |         3.20 |
| ~clk_IBUF_BUFG                           | processor/IfAndDec_inst/Tarolo[3]_82             |                          |                5 |             16 |         3.20 |
| ~clk_IBUF_BUFG                           | processor/RegisterBlock_inst/Tarolo[56]_160      |                          |                5 |             16 |         3.20 |
| ~clk_IBUF_BUFG                           | processor/IfAndDec_inst/Tarolo[2]_81             |                          |                6 |             16 |         2.67 |
| ~clk_IBUF_BUFG                           | processor/IfAndDec_inst/Tarolo[6]_85             |                          |                5 |             16 |         3.20 |
| ~clk_IBUF_BUFG                           | processor/IfAndDec_inst/Tarolo[8]_87             |                          |                4 |             16 |         4.00 |
| ~clk_IBUF_BUFG                           | processor/IfAndDec_inst/Tarolo[9]_88             |                          |                6 |             16 |         2.67 |
| ~clk_IBUF_BUFG                           | processor/IfAndDec_inst/Tarolo[12]_91            |                          |                4 |             16 |         4.00 |
| ~clk_IBUF_BUFG                           | processor/IfAndDec_inst/Tarolo[15]_94            |                          |                4 |             16 |         4.00 |
| ~clk_IBUF_BUFG                           | processor/IfAndDec_inst/Tarolo[5]_84             |                          |                3 |             16 |         5.33 |
| ~clk_IBUF_BUFG                           | processor/RegisterBlock_inst/Tarolo[5]_179       |                          |                6 |             16 |         2.67 |
| ~clk_IBUF_BUFG                           | processor/PFC_inst/Mrd_reg_0[0]                  | processor/PFC_inst/SR[0] |               10 |             16 |         1.60 |
| ~clk_IBUF_BUFG                           | processor/RegisterBlock_inst/Data_Out_y_reg[1]_2 |                          |                2 |             16 |         8.00 |
| ~clk_IBUF_BUFG                           | processor/RegisterBlock_inst/Data_Out_y_reg[3]_1 |                          |                4 |             16 |         4.00 |
| ~clk_IBUF_BUFG                           | processor/RegisterBlock_inst/Tarolo[46]_148      |                          |                8 |             16 |         2.00 |
| ~clk_IBUF_BUFG                           | processor/RegisterBlock_inst/Tarolo[24]_163      |                          |                3 |             16 |         5.33 |
| ~clk_IBUF_BUFG                           | processor/RegisterBlock_inst/Tarolo[30]_138      |                          |                7 |             16 |         2.29 |
| ~clk_IBUF_BUFG                           | processor/RegisterBlock_inst/Tarolo[42]_132      |                          |                3 |             16 |         5.33 |
| ~clk_IBUF_BUFG                           | processor/RegisterBlock_inst/Tarolo[10]_165      |                          |                3 |             16 |         5.33 |
| ~clk_IBUF_BUFG                           | processor/RegisterBlock_inst/Tarolo[13]_158      |                          |                3 |             16 |         5.33 |
| ~clk_IBUF_BUFG                           | processor/RegisterBlock_inst/Tarolo[31]_151      |                          |                6 |             16 |         2.67 |
| ~clk_IBUF_BUFG                           | processor/RegisterBlock_inst/Tarolo[49]_189      |                          |                6 |             16 |         2.67 |
| ~clk_IBUF_BUFG                           | processor/RegisterBlock_inst/Tarolo[4]_180       |                          |                4 |             16 |         4.00 |
| ~clk_IBUF_BUFG                           | processor/RegisterBlock_inst/Tarolo[11]_164      |                          |                3 |             16 |         5.33 |
| ~clk_IBUF_BUFG                           | processor/RegisterBlock_inst/Tarolo[27]_144      |                          |                3 |             16 |         5.33 |
| ~clk_IBUF_BUFG                           | processor/RegisterBlock_inst/Tarolo[28]_153      |                          |                3 |             16 |         5.33 |
| ~clk_IBUF_BUFG                           | processor/RegisterBlock_inst/Tarolo[29]_141      |                          |                7 |             16 |         2.29 |
| ~clk_IBUF_BUFG                           | processor/RegisterBlock_inst/Tarolo[33]_135      |                          |                4 |             16 |         4.00 |
| ~clk_IBUF_BUFG                           | processor/RegisterBlock_inst/Tarolo[17]_188      |                          |                4 |             16 |         4.00 |
| ~clk_IBUF_BUFG                           | processor/RegisterBlock_inst/Tarolo[1]_181       |                          |                4 |             16 |         4.00 |
| ~clk_IBUF_BUFG                           | processor/RegisterBlock_inst/Tarolo[25]_146      |                          |                4 |             16 |         4.00 |
| ~clk_IBUF_BUFG                           | processor/RegisterBlock_inst/Tarolo[40]_161      |                          |                2 |             16 |         8.00 |
| ~clk_IBUF_BUFG                           | processor/RegisterBlock_inst/Tarolo[41]_134      |                          |                4 |             16 |         4.00 |
| ~clk_IBUF_BUFG                           | processor/RegisterBlock_inst/Tarolo[48]_183      |                          |                3 |             16 |         5.33 |
| ~clk_IBUF_BUFG                           | processor/RegisterBlock_inst/Tarolo[44]_150      |                          |                4 |             16 |         4.00 |
| ~clk_IBUF_BUFG                           | processor/RegisterBlock_inst/Tarolo[12]_159      |                          |                2 |             16 |         8.00 |
| ~clk_IBUF_BUFG                           | processor/RegisterBlock_inst/Tarolo[14]_157      |                          |                3 |             16 |         5.33 |
| ~clk_IBUF_BUFG                           | processor/RegisterBlock_inst/Tarolo[19]_143      |                          |                3 |             16 |         5.33 |
| ~clk_IBUF_BUFG                           | processor/RegisterBlock_inst/Tarolo[21]_142      |                          |                5 |             16 |         3.20 |
| ~clk_IBUF_BUFG                           | processor/RegisterBlock_inst/Tarolo[22]_139      |                          |                3 |             16 |         5.33 |
| ~clk_IBUF_BUFG                           | processor/RegisterBlock_inst/Tarolo[20]_176      |                          |                5 |             16 |         3.20 |
| ~clk_IBUF_BUFG                           | processor/RegisterBlock_inst/Tarolo[23]_173      |                          |                4 |             16 |         4.00 |
| ~clk_IBUF_BUFG                           | processor/RegisterBlock_inst/Tarolo[18]_187      |                          |                3 |             16 |         5.33 |
| ~clk_IBUF_BUFG                           | processor/RegisterBlock_inst/Tarolo[32]_136      |                          |                4 |             16 |         4.00 |
| ~clk_IBUF_BUFG                           | processor/RegisterBlock_inst/Tarolo[34]_186      |                          |                4 |             16 |         4.00 |
| ~clk_IBUF_BUFG                           | processor/RegisterBlock_inst/Tarolo[35]_133      |                          |                3 |             16 |         5.33 |
| ~clk_IBUF_BUFG                           | processor/RegisterBlock_inst/Tarolo[36]_172      |                          |                5 |             16 |         3.20 |
| ~clk_IBUF_BUFG                           | processor/RegisterBlock_inst/Tarolo[2]_182       |                          |                4 |             16 |         4.00 |
| ~clk_IBUF_BUFG                           | processor/RegisterBlock_inst/Tarolo[38]_137      |                          |                5 |             16 |         3.20 |
| ~clk_IBUF_BUFG                           | processor/RegisterBlock_inst/Tarolo[26]_145      |                          |                3 |             16 |         5.33 |
| ~clk_IBUF_BUFG                           | processor/RegisterBlock_inst/Tarolo[39]_168      |                          |                3 |             16 |         5.33 |
| ~clk_IBUF_BUFG                           | processor/RegisterBlock_inst/Tarolo[15]_156      |                          |                4 |             16 |         4.00 |
| ~clk_IBUF_BUFG                           | processor/RegisterBlock_inst/Tarolo[43]_131      |                          |                3 |             16 |         5.33 |
| ~clk_IBUF_BUFG                           | processor/RegisterBlock_inst/Tarolo[16]_190      |                          |                3 |             16 |         5.33 |
| ~clk_IBUF_BUFG                           | processor/RegisterBlock_inst/Tarolo[45]_149      |                          |                5 |             16 |         3.20 |
| ~clk_IBUF_BUFG                           | processor/RegisterBlock_inst/Tarolo[37]_171      |                          |                5 |             16 |         3.20 |
| ~clk_IBUF_BUFG                           | processor/RegisterBlock_inst/Tarolo[55]_169      |                          |                3 |             16 |         5.33 |
| ~clk_IBUF_BUFG                           | processor/RegisterBlock_inst/Tarolo[52]_175      |                          |                3 |             16 |         5.33 |
| ~clk_IBUF_BUFG                           | processor/RegisterBlock_inst/Tarolo[53]_170      |                          |                4 |             16 |         4.00 |
| ~clk_IBUF_BUFG                           | processor/RegisterBlock_inst/Tarolo[54]_174      |                          |                3 |             16 |         5.33 |
| ~clk_IBUF_BUFG                           | processor/RegisterBlock_inst/Tarolo[58]_162      |                          |                4 |             16 |         4.00 |
| ~clk_IBUF_BUFG                           | processor/RegisterBlock_inst/Tarolo[61]_140      |                          |                6 |             16 |         2.67 |
| ~clk_IBUF_BUFG                           | processor/RegisterBlock_inst/Tarolo[8]_167       |                          |                4 |             16 |         4.00 |
| ~clk_IBUF_BUFG                           | processor/RegisterBlock_inst/Tarolo[60]_152      |                          |                4 |             16 |         4.00 |
| ~clk_IBUF_BUFG                           | processor/RegisterBlock_inst/Tarolo[7]_177       |                          |                7 |             16 |         2.29 |
| ~clk_IBUF_BUFG                           | processor/RegisterBlock_inst/Tarolo[50]_185      |                          |                3 |             16 |         5.33 |
| ~clk_IBUF_BUFG                           | processor/RegisterBlock_inst/Tarolo[59]_129      |                          |                4 |             16 |         4.00 |
| ~clk_IBUF_BUFG                           | processor/RegisterBlock_inst/Tarolo[63]_154      |                          |                5 |             16 |         3.20 |
| ~clk_IBUF_BUFG                           | processor/RegisterBlock_inst/Tarolo[62]_147      |                          |                7 |             16 |         2.29 |
| ~clk_IBUF_BUFG                           | processor/RegisterBlock_inst/Tarolo[57]_130      |                          |                4 |             16 |         4.00 |
| ~clk_IBUF_BUFG                           | processor/RegisterBlock_inst/Tarolo[6]_178       |                          |                2 |             16 |         8.00 |
|  clk_IBUF_BUFG                           |                                                  |                          |               12 |             17 |         1.42 |
|  processor/PFC_inst/Execute              |                                                  |                          |               14 |             18 |         1.29 |
| ~clk_IBUF_BUFG                           | processor/PFC_inst/E[0]                          |                          |               31 |             32 |         1.03 |
| ~clk_IBUF_BUFG                           | processor/PFC_inst/eqOp                          |                          |              157 |            401 |         2.55 |
+------------------------------------------+--------------------------------------------------+--------------------------+------------------+----------------+--------------+


