Copyright 1986-2022 Xilinx, Inc. All Rights Reserved. Copyright 2022-2023 Advanced Micro Devices, Inc. All Rights Reserved.
---------------------------------------------------------------------------------------------------------------------------------------------
| Tool Version : Vivado v.2023.2 (win64) Build 4029153 Fri Oct 13 20:14:34 MDT 2023
| Date         : Fri Feb 20 12:55:04 2026
| Host         : progenorLaptop running 64-bit major release  (build 9200)
| Command      : report_drc -file toplevel_drc_routed.rpt -pb toplevel_drc_routed.pb -rpx toplevel_drc_routed.rpx
| Design       : toplevel
| Device       : xc7z020clg400-1
| Speed File   : -1
| Design State : Fully Routed
---------------------------------------------------------------------------------------------------------------------------------------------

Report DRC

Table of Contents
-----------------
1. REPORT SUMMARY
2. REPORT DETAILS

1. REPORT SUMMARY
-----------------
            Netlist: netlist
          Floorplan: design_1
      Design limits: <entire design considered>
           Ruledeck: default
             Max violations: <unlimited>
             Violations found: 8
+----------+----------+--------------------+------------+
| Rule     | Severity | Description        | Violations |
+----------+----------+--------------------+------------+
| PDRC-153 | Warning  | Gated clock check  | 7          |
| ZPS7-1   | Warning  | PS7 block required | 1          |
+----------+----------+--------------------+------------+

2. REPORT DETAILS
-----------------
PDRC-153#1 Warning
Gated clock check  
Net processor/PFC_inst/phasenum_reg[1]_0[0] is a gated clock net sourced by a combinational pin processor/PFC_inst/Instr_code_reg[5]_i_2/O, cell processor/PFC_inst/Instr_code_reg[5]_i_2. This is not good design practice and will likely impact performance. For SLICE registers, for example, use the CE pin to control the loading of data.
Related violations: <none>

PDRC-153#2 Warning
Gated clock check  
Net processor/PFC_inst/phasenum_reg[1]_1[0] is a gated clock net sourced by a combinational pin processor/PFC_inst/KK_const_reg[7]_i_2/O, cell processor/PFC_inst/KK_const_reg[7]_i_2. This is not good design practice and will likely impact performance. For SLICE registers, for example, use the CE pin to control the loading of data.
Related violations: <none>

PDRC-153#3 Warning
Gated clock check  
Net processor/PFC_inst/phasenum_reg[1]_2[0] is a gated clock net sourced by a combinational pin processor/PFC_inst/Branch_Addr_reg[11]_i_2/O, cell processor/PFC_inst/Branch_Addr_reg[11]_i_2. This is not good design practice and will likely impact performance. For SLICE registers, for example, use the CE pin to control the loading of data.
Related violations: <none>

PDRC-153#4 Warning
Gated clock check  
Net processor/PFC_inst/phasenum_reg[1]_3[0] is a gated clock net sourced by a combinational pin processor/PFC_inst/PortID_dir_reg[7]_i_2/O, cell processor/PFC_inst/PortID_dir_reg[7]_i_2. This is not good design practice and will likely impact performance. For SLICE registers, for example, use the CE pin to control the loading of data.
Related violations: <none>

PDRC-153#5 Warning
Gated clock check  
Net processor/PFC_inst/phasenum_reg[1]_4[0] is a gated clock net sourced by a combinational pin processor/PFC_inst/DMemAddr_dir_reg[5]_i_2/O, cell processor/PFC_inst/DMemAddr_dir_reg[5]_i_2. This is not good design practice and will likely impact performance. For SLICE registers, for example, use the CE pin to control the loading of data.
Related violations: <none>

PDRC-153#6 Warning
Gated clock check  
Net processor/PFC_inst/phasenum_reg[1]_5[0] is a gated clock net sourced by a combinational pin processor/PFC_inst/SY_Addr_reg[3]_i_2/O, cell processor/PFC_inst/SY_Addr_reg[3]_i_2. This is not good design practice and will likely impact performance. For SLICE registers, for example, use the CE pin to control the loading of data.
Related violations: <none>

PDRC-153#7 Warning
Gated clock check  
Net processor/PFC_inst/phasenum_reg[1]_6[0] is a gated clock net sourced by a combinational pin processor/PFC_inst/SX_Addr_reg[3]_i_2/O, cell processor/PFC_inst/SX_Addr_reg[3]_i_2. This is not good design practice and will likely impact performance. For SLICE registers, for example, use the CE pin to control the loading of data.
Related violations: <none>

ZPS7-1#1 Warning
PS7 block required  
The PS7 cell must be used in this Zynq design in order to enable correct default configuration.
Related violations: <none>


