
*** Running vivado
    with args -log toplevel.vdi -applog -m64 -product Vivado -messageDb vivado.pb -mode batch -source toplevel.tcl -notrace



****** Vivado v2025.2 (64-bit)
  **** SW Build 6299465 on Fri Nov 14 19:35:11 GMT 2025
  **** IP Build 6300035 on Fri Nov 14 10:48:45 MST 2025
  **** SharedData Build 6298862 on Thu Nov 13 04:50:51 MST 2025
  **** Start of session at: Mon Mar 23 10:09:06 2026
    ** Copyright 1986-2022 Xilinx, Inc. All Rights Reserved.
    ** Copyright 2022-2025 Advanced Micro Devices, Inc. All Rights Reserved.

source toplevel.tcl -notrace
create_project: Time (s): cpu = 00:00:07 ; elapsed = 00:00:06 . Memory (MB): peak = 530.043 ; gain = 221.062
Command: link_design -top toplevel -part xc7z020clg400-1
Design is defaulting to srcset: sources_1
Design is defaulting to constrset: constrs_1
INFO: [Device 21-403] Loading part xc7z020clg400-1
Netlist sorting complete. Time (s): cpu = 00:00:00 ; elapsed = 00:00:00.002 . Memory (MB): peak = 793.883 ; gain = 0.000
INFO: [Netlist 29-17] Analyzing 67 Unisim elements for replacement
INFO: [Netlist 29-28] Unisim Transformation completed in 0 CPU seconds
INFO: [Project 1-479] Netlist was created with Vivado 2025.2
INFO: [Project 1-570] Preparing netlist for logic optimization
Parsing XDC File [C:/VivaldoFeladatok/Szamtek_III_ev/Ps_2/Ps_2.srcs/constrs_1/imports/Downloads/system.xdc]
Finished Parsing XDC File [C:/VivaldoFeladatok/Szamtek_III_ev/Ps_2/Ps_2.srcs/constrs_1/imports/Downloads/system.xdc]
INFO: [Opt 31-138] Pushed 0 inverter(s) to 0 load pin(s).
Netlist sorting complete. Time (s): cpu = 00:00:00 ; elapsed = 00:00:00.001 . Memory (MB): peak = 931.418 ; gain = 0.000
INFO: [Project 1-111] Unisim Transformation Summary:
  A total of 56 instances were transformed.
  LUT6_2 => LUT6_2 (LUT5, LUT6): 50 instances
  RAM32M => RAM32M (RAMD32(x6), RAMS32(x2)): 4 instances
  RAM64M => RAM64M (RAMD64E(x4)): 2 instances

7 Infos, 0 Warnings, 0 Critical Warnings and 0 Errors encountered.
link_design completed successfully
Command: opt_design
Attempting to get a license for feature 'Implementation' and/or device 'xc7z020'
INFO: [Common 17-349] Got license for feature 'Implementation' and/or device 'xc7z020'
Running DRC as a precondition to command opt_design

Starting DRC Task
INFO: [DRC 23-27] Running DRC with 2 threads
INFO: [Project 1-461] DRC finished with 0 Errors
INFO: [Project 1-462] Please refer to the DRC report (report_drc) for more information.

Time (s): cpu = 00:00:00 ; elapsed = 00:00:00.479 . Memory (MB): peak = 961.953 ; gain = 30.535

Starting Cache Timing Information Task
INFO: [Timing 38-35] Done setting XDC timing constraints.
Ending Cache Timing Information Task | Checksum: 158362a0a

Time (s): cpu = 00:00:04 ; elapsed = 00:00:04 . Memory (MB): peak = 1475.914 ; gain = 513.961

Starting Logic Optimization Task

Phase 1 Initialization

Phase 1.1 Core Generation And Design Setup
Phase 1.1 Core Generation And Design Setup | Checksum: 158362a0a

Time (s): cpu = 00:00:00 ; elapsed = 00:00:00.001 . Memory (MB): peak = 1935.094 ; gain = 0.000

Phase 1.2 Setup Constraints And Sort Netlist
Phase 1.2 Setup Constraints And Sort Netlist | Checksum: 158362a0a

Time (s): cpu = 00:00:00 ; elapsed = 00:00:00.002 . Memory (MB): peak = 1935.094 ; gain = 0.000
Phase 1 Initialization | Checksum: 158362a0a

Time (s): cpu = 00:00:00 ; elapsed = 00:00:00.002 . Memory (MB): peak = 1935.094 ; gain = 0.000

Phase 2 Timer Update And Timing Data Collection

Phase 2.1 Detect if minReqCache needed
Phase 2.1 Detect if minReqCache needed | Checksum: 158362a0a

Time (s): cpu = 00:00:00 ; elapsed = 00:00:00.005 . Memory (MB): peak = 1935.113 ; gain = 0.020

Phase 2.2 Timer Update
Phase 2.2 Timer Update | Checksum: 158362a0a

Time (s): cpu = 00:00:00 ; elapsed = 00:00:00.012 . Memory (MB): peak = 1935.113 ; gain = 0.020

Phase 2.3 Timing Data Collection
Phase 2.3 Timing Data Collection | Checksum: 158362a0a

Time (s): cpu = 00:00:00 ; elapsed = 00:00:00.012 . Memory (MB): peak = 1935.113 ; gain = 0.020
Phase 2 Timer Update And Timing Data Collection | Checksum: 158362a0a

Time (s): cpu = 00:00:00 ; elapsed = 00:00:00.013 . Memory (MB): peak = 1935.113 ; gain = 0.020

Phase 3 Retarget
INFO: [Opt 31-1851] Number of loadless carry chains removed were: 0
INFO: [Opt 31-1834] Total Chains To Be Transformed Were: 0 AND Number of Transformed insts Created are: 0
INFO: [Opt 31-138] Pushed 0 inverter(s) to 0 load pin(s).
INFO: [Opt 31-49] Retargeted 0 cell(s).
Phase 3 Retarget | Checksum: 8d5e929f

Time (s): cpu = 00:00:00 ; elapsed = 00:00:00.025 . Memory (MB): peak = 1935.113 ; gain = 0.020
Retarget | Checksum: 8d5e929f
INFO: [Opt 31-389] Phase Retarget created 8 cells and removed 8 cells

Phase 4 Constant propagation
INFO: [Opt 31-138] Pushed 0 inverter(s) to 0 load pin(s).
Phase 4 Constant propagation | Checksum: 13ff486e2

Time (s): cpu = 00:00:00 ; elapsed = 00:00:00.037 . Memory (MB): peak = 1935.113 ; gain = 0.020
Constant propagation | Checksum: 13ff486e2
INFO: [Opt 31-389] Phase Constant propagation created 8 cells and removed 8 cells

Phase 5 Sweep
INFO: [Constraints 18-11670] Building netlist checker database with flags, 0x8
Done building netlist checker database: Time (s): cpu = 00:00:00 ; elapsed = 00:00:00 . Memory (MB): peak = 1935.113 ; gain = 0.000
Phase 5 Sweep | Checksum: 16130ede7

Time (s): cpu = 00:00:00 ; elapsed = 00:00:00.042 . Memory (MB): peak = 1935.113 ; gain = 0.020
Sweep | Checksum: 16130ede7
INFO: [Opt 31-389] Phase Sweep created 1 cells and removed 1 cells

Phase 6 BUFG optimization
Phase 6 BUFG optimization | Checksum: 16130ede7

Time (s): cpu = 00:00:00 ; elapsed = 00:00:00.053 . Memory (MB): peak = 1935.113 ; gain = 0.020
BUFG optimization | Checksum: 16130ede7
INFO: [Opt 31-662] Phase BUFG optimization created 0 cells of which 0 are BUFGs and removed 0 cells.

Phase 7 Shift Register Optimization
INFO: [Opt 31-1064] SRL Remap converted 0 SRLs to 0 registers and converted 0 registers of register chains to 0 SRLs
Phase 7 Shift Register Optimization | Checksum: 16130ede7

Time (s): cpu = 00:00:00 ; elapsed = 00:00:00.055 . Memory (MB): peak = 1935.113 ; gain = 0.020
Shift Register Optimization | Checksum: 16130ede7
INFO: [Opt 31-389] Phase Shift Register Optimization created 0 cells and removed 0 cells

Phase 8 Post Processing Netlist
Phase 8 Post Processing Netlist | Checksum: 16130ede7

Time (s): cpu = 00:00:00 ; elapsed = 00:00:00.057 . Memory (MB): peak = 1935.113 ; gain = 0.020
Post Processing Netlist | Checksum: 16130ede7
INFO: [Opt 31-389] Phase Post Processing Netlist created 0 cells and removed 0 cells

Phase 9 Finalization

Phase 9.1 Finalizing Design Cores and Updating Shapes
Phase 9.1 Finalizing Design Cores and Updating Shapes | Checksum: 11daa22cb

Time (s): cpu = 00:00:00 ; elapsed = 00:00:00.066 . Memory (MB): peak = 1935.113 ; gain = 0.020

Phase 9.2 Verifying Netlist Connectivity

Starting Connectivity Check Task

Time (s): cpu = 00:00:00 ; elapsed = 00:00:00.005 . Memory (MB): peak = 1935.113 ; gain = 0.000
Phase 9.2 Verifying Netlist Connectivity | Checksum: 11daa22cb

Time (s): cpu = 00:00:00 ; elapsed = 00:00:00.071 . Memory (MB): peak = 1935.113 ; gain = 0.020
Phase 9 Finalization | Checksum: 11daa22cb

Time (s): cpu = 00:00:00 ; elapsed = 00:00:00.072 . Memory (MB): peak = 1935.113 ; gain = 0.020
Opt_design Change Summary
=========================


-------------------------------------------------------------------------------------------------------------------------
|  Phase                        |  #Cells created  |  #Cells Removed  |  #Constrained objects preventing optimizations  |
-------------------------------------------------------------------------------------------------------------------------
|  Retarget                     |               8  |               8  |                                              0  |
|  Constant propagation         |               8  |               8  |                                              0  |
|  Sweep                        |               1  |               1  |                                              0  |
|  BUFG optimization            |               0  |               0  |                                              0  |
|  Shift Register Optimization  |               0  |               0  |                                              0  |
|  Post Processing Netlist      |               0  |               0  |                                              0  |
-------------------------------------------------------------------------------------------------------------------------


Ending Logic Optimization Task | Checksum: 11daa22cb

Time (s): cpu = 00:00:00 ; elapsed = 00:00:00.073 . Memory (MB): peak = 1935.113 ; gain = 0.020

Starting Power Optimization Task
INFO: [Pwropt 34-132] Skipping clock gating for clocks with a period < 2.00 ns.
INFO: [Pwropt 34-9] Applying IDT optimizations ...
INFO: [Pwropt 34-10] Applying ODC optimizations ...
INFO: [Timing 38-35] Done setting XDC timing constraints.
Running Vector-less Activity Propagation...

Finished Running Vector-less Activity Propagation


Starting PowerOpt Patch Enables Task
INFO: [Pwropt 34-162] WRITE_MODE attribute of 0 BRAM(s) out of a total of 1 has been updated to save power. Run report_power_opt to get a complete listing of the BRAMs updated.
INFO: [Pwropt 34-201] Structural ODC has moved 0 WE to EN ports
Number of BRAM Ports augmented: 1 newly gated: 0 Total Ports: 2
Number of Flops added for Enable Generation: 3

Ending PowerOpt Patch Enables Task | Checksum: b958a2dc

Time (s): cpu = 00:00:00 ; elapsed = 00:00:00.010 . Memory (MB): peak = 1935.113 ; gain = 0.000
Ending Power Optimization Task | Checksum: b958a2dc

Time (s): cpu = 00:00:01 ; elapsed = 00:00:00.353 . Memory (MB): peak = 1935.113 ; gain = 0.000

Starting Final Cleanup Task

Starting Logic Optimization Task
INFO: [Timing 38-35] Done setting XDC timing constraints.
Ending Logic Optimization Task | Checksum: 10029e142

Time (s): cpu = 00:00:00 ; elapsed = 00:00:00.041 . Memory (MB): peak = 1951.809 ; gain = 16.695
Ending Final Cleanup Task | Checksum: 10029e142

Time (s): cpu = 00:00:02 ; elapsed = 00:00:03 . Memory (MB): peak = 1951.809 ; gain = 16.695
Netlist sorting complete. Time (s): cpu = 00:00:00 ; elapsed = 00:00:00.001 . Memory (MB): peak = 1951.809 ; gain = 0.000
INFO: [Common 17-83] Releasing license: Implementation
33 Infos, 0 Warnings, 0 Critical Warnings and 0 Errors encountered.
opt_design completed successfully
opt_design: Time (s): cpu = 00:00:09 ; elapsed = 00:00:10 . Memory (MB): peak = 1951.809 ; gain = 1020.391
INFO: [Vivado 12-24828] Executing command : report_drc -file toplevel_drc_opted.rpt -pb toplevel_drc_opted.pb -rpx toplevel_drc_opted.rpx
Command: report_drc -file toplevel_drc_opted.rpt -pb toplevel_drc_opted.pb -rpx toplevel_drc_opted.rpx
INFO: [IP_Flow 19-234] Refreshing IP repositories
INFO: [IP_Flow 19-1704] No user IP repositories specified
INFO: [IP_Flow 19-2313] Loaded Vivado IP repository 'C:/AMDDesignTools/2025.2/Vivado/data/ip'.
INFO: [DRC 23-27] Running DRC with 2 threads
INFO: [Vivado_Tcl 2-168] The results of DRC are in file C:/VivaldoFeladatok/Szamtek_III_ev/Ps_2/Ps_2.runs/impl_1/toplevel_drc_opted.rpt.
report_drc completed successfully
INFO: [Timing 38-480] Writing timing data to binary archive.
Write ShapeDB Complete: Time (s): cpu = 00:00:00 ; elapsed = 00:00:00.001 . Memory (MB): peak = 1951.809 ; gain = 0.000
Wrote PlaceDB: Time (s): cpu = 00:00:00 ; elapsed = 00:00:00 . Memory (MB): peak = 1951.809 ; gain = 0.000
Wrote PulsedLatchDB: Time (s): cpu = 00:00:00 ; elapsed = 00:00:00 . Memory (MB): peak = 1951.809 ; gain = 0.000
Writing XDEF routing.
Writing XDEF routing logical nets.
Writing XDEF routing special nets.
Wrote RouteStorage: Time (s): cpu = 00:00:00 ; elapsed = 00:00:00.018 . Memory (MB): peak = 1951.809 ; gain = 0.000
Wrote PlaceStorage: Time (s): cpu = 00:00:00 ; elapsed = 00:00:00.001 . Memory (MB): peak = 1951.809 ; gain = 0.000
Wrote Netlist Cache: Time (s): cpu = 00:00:00 ; elapsed = 00:00:00 . Memory (MB): peak = 1951.809 ; gain = 0.000
Wrote Device Cache: Time (s): cpu = 00:00:00 ; elapsed = 00:00:00.005 . Memory (MB): peak = 1951.809 ; gain = 0.000
Write Physdb Complete: Time (s): cpu = 00:00:00 ; elapsed = 00:00:00.029 . Memory (MB): peak = 1951.809 ; gain = 0.000
INFO: [Common 17-1381] The checkpoint 'C:/VivaldoFeladatok/Szamtek_III_ev/Ps_2/Ps_2.runs/impl_1/toplevel_opt.dcp' has been generated.
Command: place_design
Attempting to get a license for feature 'Implementation' and/or device 'xc7z020'
INFO: [Common 17-349] Got license for feature 'Implementation' and/or device 'xc7z020'
INFO: [Common 17-83] Releasing license: Implementation
INFO: [DRC 23-27] Running DRC with 2 threads
INFO: [Vivado_Tcl 4-198] DRC finished with 0 Errors
INFO: [Vivado_Tcl 4-199] Please refer to the DRC report (report_drc) for more information.
INFO: [Timing 38-35] Done setting XDC timing constraints.
Running DRC as a precondition to command place_design
INFO: [DRC 23-27] Running DRC with 2 threads
INFO: [Vivado_Tcl 4-198] DRC finished with 0 Errors
INFO: [Vivado_Tcl 4-199] Please refer to the DRC report (report_drc) for more information.
INFO: [Place 30-611] Multithreading enabled for place_design using a maximum of 2 CPUs

Starting Placer Task

Phase 1 Placer Initialization

Phase 1.1 Placer Initialization Netlist Sorting
Netlist sorting complete. Time (s): cpu = 00:00:00 ; elapsed = 00:00:00 . Memory (MB): peak = 1951.809 ; gain = 0.000
Phase 1.1 Placer Initialization Netlist Sorting | Checksum: 9f2cbc3b

Time (s): cpu = 00:00:00 ; elapsed = 00:00:00.002 . Memory (MB): peak = 1951.809 ; gain = 0.000
Netlist sorting complete. Time (s): cpu = 00:00:00 ; elapsed = 00:00:00.001 . Memory (MB): peak = 1951.809 ; gain = 0.000

Phase 1.2 IO Placement/ Clock Placement/ Build Placer Device
Phase 1.2 IO Placement/ Clock Placement/ Build Placer Device | Checksum: 10c50095e

Time (s): cpu = 00:00:00 ; elapsed = 00:00:00.190 . Memory (MB): peak = 1951.809 ; gain = 0.000

Phase 1.3 Build Placer Netlist Model
Phase 1.3 Build Placer Netlist Model | Checksum: 17a1f5ca9

Time (s): cpu = 00:00:00 ; elapsed = 00:00:00.290 . Memory (MB): peak = 1951.809 ; gain = 0.000

Phase 1.4 Constrain Clocks/Macros
Phase 1.4 Constrain Clocks/Macros | Checksum: 17a1f5ca9

Time (s): cpu = 00:00:00 ; elapsed = 00:00:00.293 . Memory (MB): peak = 1951.809 ; gain = 0.000
Phase 1 Placer Initialization | Checksum: 17a1f5ca9

Time (s): cpu = 00:00:00 ; elapsed = 00:00:00.296 . Memory (MB): peak = 1951.809 ; gain = 0.000

Phase 2 Global Placement

Phase 2.1 Floorplanning
Phase 2.1 Floorplanning | Checksum: 1805a2e66

Time (s): cpu = 00:00:01 ; elapsed = 00:00:00.387 . Memory (MB): peak = 1951.809 ; gain = 0.000

Phase 2.2 Update Timing before SLR Path Opt
Phase 2.2 Update Timing before SLR Path Opt | Checksum: 16ca59437

Time (s): cpu = 00:00:01 ; elapsed = 00:00:00.453 . Memory (MB): peak = 1951.809 ; gain = 0.000

Phase 2.3 Post-Processing in Floorplanning
Phase 2.3 Post-Processing in Floorplanning | Checksum: 16ca59437

Time (s): cpu = 00:00:01 ; elapsed = 00:00:00.455 . Memory (MB): peak = 1951.809 ; gain = 0.000

Phase 2.4 Global Place Phase1
Phase 2.4 Global Place Phase1 | Checksum: 4cbc3eba

Time (s): cpu = 00:00:03 ; elapsed = 00:00:02 . Memory (MB): peak = 1951.809 ; gain = 0.000

Phase 2.5 Global Place Phase2

Phase 2.5.1 UpdateTiming Before Physical Synthesis
Phase 2.5.1 UpdateTiming Before Physical Synthesis | Checksum: 42c6aa32

Time (s): cpu = 00:00:03 ; elapsed = 00:00:02 . Memory (MB): peak = 1951.809 ; gain = 0.000

Phase 2.5.2 Physical Synthesis In Placer
INFO: [Physopt 32-1035] Found 12 LUTNM shape to break, 0 LUT instances to create LUTNM shape
INFO: [Physopt 32-1044] Break lutnm for timing: one critical 1, two critical 11, total 2, new lutff created 0
INFO: [Physopt 32-1138] End 1 Pass. Optimized 2 nets or LUTs. Breaked 2 LUTs, combined 0 existing LUT and moved 0 existing LUT
INFO: [Physopt 32-65] No nets found for high-fanout optimization.
INFO: [Physopt 32-232] Optimized 0 net. Created 0 new instance.
INFO: [Physopt 32-775] End 1 Pass. Optimized 0 net or cell. Created 0 new cell, deleted 0 existing cell and moved 0 existing cell
INFO: [Physopt 32-456] No candidate cells for DSP register optimization found in the design.
INFO: [Physopt 32-775] End 2 Pass. Optimized 0 net or cell. Created 0 new cell, deleted 0 existing cell and moved 0 existing cell
INFO: [Physopt 32-1123] No candidate cells found for Shift Register to Pipeline optimization
INFO: [Physopt 32-775] End 2 Pass. Optimized 0 net or cell. Created 0 new cell, deleted 0 existing cell and moved 0 existing cell
INFO: [Physopt 32-1401] No candidate cells found for Shift Register optimization.
INFO: [Physopt 32-677] No candidate cells for Shift Register optimization found in the design
INFO: [Physopt 32-775] End 1 Pass. Optimized 0 net or cell. Created 0 new cell, deleted 0 existing cell and moved 0 existing cell
INFO: [Physopt 32-526] No candidate cells for BRAM register optimization found in the design
INFO: [Physopt 32-775] End 1 Pass. Optimized 0 net or cell. Created 0 new cell, deleted 0 existing cell and moved 0 existing cell
INFO: [Physopt 32-846] No candidate cells for URAM register optimization found in the design
INFO: [Physopt 32-775] End 1 Pass. Optimized 0 net or cell. Created 0 new cell, deleted 0 existing cell and moved 0 existing cell
INFO: [Physopt 32-846] No candidate cells for URAM register optimization found in the design
INFO: [Physopt 32-775] End 1 Pass. Optimized 0 net or cell. Created 0 new cell, deleted 0 existing cell and moved 0 existing cell
INFO: [Physopt 32-949] No candidate nets found for dynamic/static region interface net replication
INFO: [Physopt 32-775] End 1 Pass. Optimized 0 net or cell. Created 0 new cell, deleted 0 existing cell and moved 0 existing cell
Netlist sorting complete. Time (s): cpu = 00:00:00 ; elapsed = 00:00:00 . Memory (MB): peak = 1951.809 ; gain = 0.000

Summary of Physical Synthesis Optimizations
============================================


-----------------------------------------------------------------------------------------------------------------------------------------------------------
|  Optimization                                     |  Added Cells  |  Removed Cells  |  Optimized Cells/Nets  |  Dont Touch  |  Iterations  |  Elapsed   |
-----------------------------------------------------------------------------------------------------------------------------------------------------------
|  LUT Combining                                    |            2  |              0  |                     2  |           0  |           1  |  00:00:00  |
|  Retime                                           |            0  |              0  |                     0  |           0  |           1  |  00:00:00  |
|  Very High Fanout                                 |            0  |              0  |                     0  |           0  |           1  |  00:00:00  |
|  DSP Register                                     |            0  |              0  |                     0  |           0  |           1  |  00:00:00  |
|  Shift Register to Pipeline                       |            0  |              0  |                     0  |           0  |           1  |  00:00:00  |
|  Shift Register                                   |            0  |              0  |                     0  |           0  |           1  |  00:00:00  |
|  BRAM Register                                    |            0  |              0  |                     0  |           0  |           1  |  00:00:00  |
|  URAM Register                                    |            0  |              0  |                     0  |           0  |           1  |  00:00:00  |
|  Dynamic/Static Region Interface Net Replication  |            0  |              0  |                     0  |           0  |           1  |  00:00:00  |
|  Total                                            |            2  |              0  |                     2  |           0  |           9  |  00:00:00  |
-----------------------------------------------------------------------------------------------------------------------------------------------------------


Phase 2.5.2 Physical Synthesis In Placer | Checksum: fa5d2e6e

Time (s): cpu = 00:00:03 ; elapsed = 00:00:02 . Memory (MB): peak = 1951.809 ; gain = 0.000
Phase 2.5 Global Place Phase2 | Checksum: ad05ea4a

Time (s): cpu = 00:00:03 ; elapsed = 00:00:02 . Memory (MB): peak = 1951.809 ; gain = 0.000
Phase 2 Global Placement | Checksum: ad05ea4a

Time (s): cpu = 00:00:03 ; elapsed = 00:00:02 . Memory (MB): peak = 1951.809 ; gain = 0.000

Phase 3 Detail Placement

Phase 3.1 Commit Multi Column Macros
Phase 3.1 Commit Multi Column Macros | Checksum: 1524612ef

Time (s): cpu = 00:00:03 ; elapsed = 00:00:02 . Memory (MB): peak = 1951.809 ; gain = 0.000

Phase 3.2 Commit Most Macros & LUTRAMs
Phase 3.2 Commit Most Macros & LUTRAMs | Checksum: 16e0a303b

Time (s): cpu = 00:00:03 ; elapsed = 00:00:02 . Memory (MB): peak = 1951.809 ; gain = 0.000

Phase 3.3 Area Swap Optimization
Phase 3.3 Area Swap Optimization | Checksum: 1824a1bf6

Time (s): cpu = 00:00:03 ; elapsed = 00:00:02 . Memory (MB): peak = 1951.809 ; gain = 0.000

Phase 3.4 Pipeline Register Optimization
Phase 3.4 Pipeline Register Optimization | Checksum: 14174449c

Time (s): cpu = 00:00:03 ; elapsed = 00:00:02 . Memory (MB): peak = 1951.809 ; gain = 0.000

Phase 3.5 Fast Optimization
Phase 3.5 Fast Optimization | Checksum: 18b2512ae

Time (s): cpu = 00:00:03 ; elapsed = 00:00:02 . Memory (MB): peak = 1951.809 ; gain = 0.000

Phase 3.6 Small Shape Detail Placement
Phase 3.6 Small Shape Detail Placement | Checksum: 1d2916928

Time (s): cpu = 00:00:04 ; elapsed = 00:00:03 . Memory (MB): peak = 1951.809 ; gain = 0.000

Phase 3.7 Re-assign LUT pins
Phase 3.7 Re-assign LUT pins | Checksum: 1b8aa7d5c

Time (s): cpu = 00:00:04 ; elapsed = 00:00:03 . Memory (MB): peak = 1951.809 ; gain = 0.000

Phase 3.8 Pipeline Register Optimization
Phase 3.8 Pipeline Register Optimization | Checksum: f7806622

Time (s): cpu = 00:00:04 ; elapsed = 00:00:03 . Memory (MB): peak = 1951.809 ; gain = 0.000

Phase 3.9 Fast Optimization
Phase 3.9 Fast Optimization | Checksum: 172156dbd

Time (s): cpu = 00:00:04 ; elapsed = 00:00:03 . Memory (MB): peak = 1951.809 ; gain = 0.000
Phase 3 Detail Placement | Checksum: 172156dbd

Time (s): cpu = 00:00:04 ; elapsed = 00:00:03 . Memory (MB): peak = 1951.809 ; gain = 0.000

Phase 4 Post Placement Optimization and Clean-Up

Phase 4.1 Post Commit Optimization
INFO: [Timing 38-35] Done setting XDC timing constraints.

Phase 4.1.1 Post Placement Optimization
Post Placement Optimization Initialization | Checksum: 17c1d0efb

Phase 4.1.1.1 BUFG Insertion

Starting Physical Synthesis Task

Phase 1 Physical Synthesis Initialization
INFO: [Physopt 32-721] Multithreading enabled for phys_opt_design using a maximum of 2 CPUs
INFO: [Physopt 32-619] Estimated Timing Summary | WNS=-3.667 | TNS=-103.962 |
Phase 1 Physical Synthesis Initialization | Checksum: f9979884

Time (s): cpu = 00:00:00 ; elapsed = 00:00:00.010 . Memory (MB): peak = 1951.809 ; gain = 0.000
INFO: [Place 46-56] BUFG insertion identified 0 candidate nets. Inserted BUFG: 0, Replicated BUFG Driver: 0, Skipped due to Placement/Routing Conflicts: 0, Skipped due to Timing Degradation: 0, Skipped due to netlist editing failed: 0.
Ending Physical Synthesis Task | Checksum: 15b443022

Time (s): cpu = 00:00:00 ; elapsed = 00:00:00.012 . Memory (MB): peak = 1951.809 ; gain = 0.000
Phase 4.1.1.1 BUFG Insertion | Checksum: 17c1d0efb

Time (s): cpu = 00:00:04 ; elapsed = 00:00:03 . Memory (MB): peak = 1951.809 ; gain = 0.000

Phase 4.1.1.2 Post Placement Timing Optimization
INFO: [Place 30-746] Post Placement Timing Summary WNS=-3.299. For the most accurate timing information please run report_timing.
Phase 4.1.1.2 Post Placement Timing Optimization | Checksum: bfcd8a27

Time (s): cpu = 00:00:10 ; elapsed = 00:00:10 . Memory (MB): peak = 1951.809 ; gain = 0.000

Time (s): cpu = 00:00:10 ; elapsed = 00:00:10 . Memory (MB): peak = 1951.809 ; gain = 0.000
Phase 4.1 Post Commit Optimization | Checksum: bfcd8a27

Time (s): cpu = 00:00:10 ; elapsed = 00:00:10 . Memory (MB): peak = 1951.809 ; gain = 0.000

Phase 4.2 Post Placement Cleanup
Phase 4.2 Post Placement Cleanup | Checksum: bfcd8a27

Time (s): cpu = 00:00:10 ; elapsed = 00:00:10 . Memory (MB): peak = 1951.809 ; gain = 0.000

Phase 4.3 Placer Reporting

Phase 4.3.1 Print Estimated Congestion
INFO: [Place 30-612] Post-Placement Estimated Congestion 
 ____________________________________________________
|           | Global Congestion | Short Congestion  |
| Direction | Region Size       | Region Size       |
|___________|___________________|___________________|
|      North|                1x1|                1x1|
|___________|___________________|___________________|
|      South|                1x1|                1x1|
|___________|___________________|___________________|
|       East|                1x1|                1x1|
|___________|___________________|___________________|
|       West|                1x1|                1x1|
|___________|___________________|___________________|

Phase 4.3.1 Print Estimated Congestion | Checksum: bfcd8a27

Time (s): cpu = 00:00:10 ; elapsed = 00:00:10 . Memory (MB): peak = 1951.809 ; gain = 0.000
Phase 4.3 Placer Reporting | Checksum: bfcd8a27

Time (s): cpu = 00:00:10 ; elapsed = 00:00:10 . Memory (MB): peak = 1951.809 ; gain = 0.000

Phase 4.4 Final Placement Cleanup
Netlist sorting complete. Time (s): cpu = 00:00:00 ; elapsed = 00:00:00 . Memory (MB): peak = 1951.809 ; gain = 0.000

Time (s): cpu = 00:00:10 ; elapsed = 00:00:10 . Memory (MB): peak = 1951.809 ; gain = 0.000
Phase 4 Post Placement Optimization and Clean-Up | Checksum: 1899d66a8

Time (s): cpu = 00:00:10 ; elapsed = 00:00:10 . Memory (MB): peak = 1951.809 ; gain = 0.000
Ending Placer Task | Checksum: 18592fc65

Time (s): cpu = 00:00:10 ; elapsed = 00:00:10 . Memory (MB): peak = 1951.809 ; gain = 0.000
78 Infos, 0 Warnings, 0 Critical Warnings and 0 Errors encountered.
place_design completed successfully
place_design: Time (s): cpu = 00:00:11 ; elapsed = 00:00:10 . Memory (MB): peak = 1951.809 ; gain = 0.000
INFO: [Vivado 12-24838] Running report commands "report_control_sets, report_io, report_utilization" in parallel.
Running report generation with 2 threads.
INFO: [Vivado 12-24828] Executing command : report_utilization -file toplevel_utilization_placed.rpt -pb toplevel_utilization_placed.pb
INFO: [Vivado 12-24828] Executing command : report_control_sets -verbose -file toplevel_control_sets_placed.rpt
report_control_sets: Time (s): cpu = 00:00:00 ; elapsed = 00:00:00.003 . Memory (MB): peak = 1951.809 ; gain = 0.000
INFO: [Vivado 12-24828] Executing command : report_io -file toplevel_io_placed.rpt
report_io: Time (s): cpu = 00:00:00 ; elapsed = 00:00:00.074 . Memory (MB): peak = 1951.809 ; gain = 0.000
INFO: [Timing 38-480] Writing timing data to binary archive.
Write ShapeDB Complete: Time (s): cpu = 00:00:00 ; elapsed = 00:00:00.002 . Memory (MB): peak = 1951.809 ; gain = 0.000
Wrote PlaceDB: Time (s): cpu = 00:00:00 ; elapsed = 00:00:00 . Memory (MB): peak = 1951.809 ; gain = 0.000
Wrote PulsedLatchDB: Time (s): cpu = 00:00:00 ; elapsed = 00:00:00 . Memory (MB): peak = 1951.809 ; gain = 0.000
Writing XDEF routing.
Writing XDEF routing logical nets.
Writing XDEF routing special nets.
Wrote RouteStorage: Time (s): cpu = 00:00:00 ; elapsed = 00:00:00.017 . Memory (MB): peak = 1951.809 ; gain = 0.000
Wrote PlaceStorage: Time (s): cpu = 00:00:00 ; elapsed = 00:00:00.007 . Memory (MB): peak = 1951.809 ; gain = 0.000
Wrote Netlist Cache: Time (s): cpu = 00:00:00 ; elapsed = 00:00:00 . Memory (MB): peak = 1951.809 ; gain = 0.000
Wrote Device Cache: Time (s): cpu = 00:00:00 ; elapsed = 00:00:00.006 . Memory (MB): peak = 1951.809 ; gain = 0.000
Write Physdb Complete: Time (s): cpu = 00:00:00 ; elapsed = 00:00:00.036 . Memory (MB): peak = 1951.809 ; gain = 0.000
INFO: [Common 17-1381] The checkpoint 'C:/VivaldoFeladatok/Szamtek_III_ev/Ps_2/Ps_2.runs/impl_1/toplevel_placed.dcp' has been generated.
Command: phys_opt_design
Attempting to get a license for feature 'Implementation' and/or device 'xc7z020'
INFO: [Common 17-349] Got license for feature 'Implementation' and/or device 'xc7z020'

Starting Initial Update Timing Task

Time (s): cpu = 00:00:00 ; elapsed = 00:00:00.048 . Memory (MB): peak = 1951.809 ; gain = 0.000
INFO: [Vivado_Tcl 4-1435] PhysOpt_Tcl_Interface Runtime Before Starting Physical Synthesis Task | CPU: 0.00s |  WALL: 0.06s
Netlist sorting complete. Time (s): cpu = 00:00:00 ; elapsed = 00:00:00 . Memory (MB): peak = 1951.809 ; gain = 0.000

Starting Physical Synthesis Task

Phase 1 Physical Synthesis Initialization
INFO: [Physopt 32-721] Multithreading enabled for phys_opt_design using a maximum of 2 CPUs
INFO: [Physopt 32-619] Estimated Timing Summary | WNS=-3.299 | TNS=-98.093 |
Phase 1 Physical Synthesis Initialization | Checksum: 200313a16

Time (s): cpu = 00:00:00 ; elapsed = 00:00:00.093 . Memory (MB): peak = 1951.809 ; gain = 0.000
INFO: [Physopt 32-619] Estimated Timing Summary | WNS=-3.299 | TNS=-98.093 |

Phase 2 DSP Register Optimization
INFO: [Physopt 32-456] No candidate cells for DSP register optimization found in the design.
INFO: [Physopt 32-775] End 2 Pass. Optimized 0 net or cell. Created 0 new cell, deleted 0 existing cell and moved 0 existing cell
Phase 2 DSP Register Optimization | Checksum: 200313a16

Time (s): cpu = 00:00:00 ; elapsed = 00:00:00.095 . Memory (MB): peak = 1951.809 ; gain = 0.000

Phase 3 Critical Path Optimization
INFO: [Physopt 32-619] Estimated Timing Summary | WNS=-3.299 | TNS=-98.093 |
INFO: [Physopt 32-663] Processed net psdatabuff[5].  Re-placed instance psdatabuff_reg[5]
INFO: [Physopt 32-735] Processed net psdatabuff[5]. Optimization improves timing on the net.
INFO: [Physopt 32-619] Estimated Timing Summary | WNS=-3.299 | TNS=-97.621 |
INFO: [Physopt 32-663] Processed net psdatabuff[7].  Re-placed instance psdatabuff_reg[7]
INFO: [Physopt 32-735] Processed net psdatabuff[7]. Optimization improves timing on the net.
INFO: [Physopt 32-619] Estimated Timing Summary | WNS=-3.283 | TNS=-97.395 |
INFO: [Physopt 32-702] Processed net Db_OBUF[0]. Optimizations did not improve timing on the net.
INFO: [Physopt 32-702] Processed net memoria/instruction[5]. Optimizations did not improve timing on the net.
INFO: [Physopt 32-710] Processed net processzor/write_strobe_flop_0[0]. Critical path length was reduced through logic transformation on cell processzor/data_Db[7]_i_1_comp.
INFO: [Physopt 32-735] Processed net processzor/psdatabuff[7]_i_2_n_0. Optimization improves timing on the net.
INFO: [Physopt 32-619] Estimated Timing Summary | WNS=-3.244 | TNS=-96.039 |
INFO: [Physopt 32-702] Processed net Rs_OBUF. Optimizations did not improve timing on the net.
INFO: [Physopt 32-710] Processed net processzor/E[0]. Critical path length was reduced through logic transformation on cell processzor/data_cntrl[2]_i_1_comp.
INFO: [Physopt 32-735] Processed net processzor/psdatabuff[7]_i_2_n_0. Optimization improves timing on the net.
INFO: [Physopt 32-619] Estimated Timing Summary | WNS=-3.235 | TNS=-96.372 |
INFO: [Physopt 32-702] Processed net psdatabuff[5]. Optimizations did not improve timing on the net.
INFO: [Physopt 32-710] Processed net processzor/write_strobe_flop_1[0]. Critical path length was reduced through logic transformation on cell processzor/psdatabuff[7]_i_1_comp.
INFO: [Physopt 32-735] Processed net processzor/psdatabuff[7]_i_2_n_0. Optimization improves timing on the net.
INFO: [Physopt 32-619] Estimated Timing Summary | WNS=-3.195 | TNS=-95.728 |
INFO: [Physopt 32-608] Optimized 1 net.  Swapped 39 pins.
INFO: [Physopt 32-735] Processed net processzor/data_path_loop[2].output_data.sy_kk_mux_lut/O5. Optimization improves timing on the net.
INFO: [Physopt 32-619] Estimated Timing Summary | WNS=-3.121 | TNS=-94.996 |
INFO: [Physopt 32-702] Processed net memoria/instruction[4]. Optimizations did not improve timing on the net.
INFO: [Physopt 32-702] Processed net processzor/data_path_loop[0].output_data.sy_kk_mux_lut/O5. Optimizations did not improve timing on the net.
INFO: [Physopt 32-663] Processed net processzor/write_strobe_flop_0[0].  Re-placed instance processzor/data_Db[7]_i_1_comp
INFO: [Physopt 32-735] Processed net processzor/write_strobe_flop_0[0]. Optimization improves timing on the net.
INFO: [Physopt 32-619] Estimated Timing Summary | WNS=-3.107 | TNS=-94.908 |
INFO: [Physopt 32-663] Processed net Db_OBUF[2].  Re-placed instance data_Db_reg[2]
INFO: [Physopt 32-735] Processed net Db_OBUF[2]. Optimization improves timing on the net.
INFO: [Physopt 32-619] Estimated Timing Summary | WNS=-3.107 | TNS=-94.720 |
INFO: [Physopt 32-663] Processed net Db_OBUF[4].  Re-placed instance data_Db_reg[4]
INFO: [Physopt 32-735] Processed net Db_OBUF[4]. Optimization improves timing on the net.
INFO: [Physopt 32-619] Estimated Timing Summary | WNS=-3.107 | TNS=-93.923 |
INFO: [Physopt 32-663] Processed net Db_OBUF[5].  Re-placed instance data_Db_reg[5]
INFO: [Physopt 32-735] Processed net Db_OBUF[5]. Optimization improves timing on the net.
INFO: [Physopt 32-619] Estimated Timing Summary | WNS=-3.107 | TNS=-93.733 |
INFO: [Physopt 32-663] Processed net Db_OBUF[7].  Re-placed instance data_Db_reg[7]
INFO: [Physopt 32-735] Processed net Db_OBUF[7]. Optimization improves timing on the net.
INFO: [Physopt 32-619] Estimated Timing Summary | WNS=-3.083 | TNS=-94.161 |
INFO: [Physopt 32-702] Processed net processzor/write_strobe_flop_1[0]. Optimizations did not improve timing on the net.
INFO: [Physopt 32-702] Processed net processzor/lower_reg_banks/DOA0. Optimizations did not improve timing on the net.
INFO: [Physopt 32-702] Processed net clk_in_IBUF. Optimizations did not improve timing on the net.
INFO: [Physopt 32-702] Processed net clk_in. Optimizations did not improve timing on the net.
INFO: [Physopt 32-663] Processed net psdatabuff[5].  Re-placed instance psdatabuff_reg[5]
INFO: [Physopt 32-735] Processed net psdatabuff[5]. Optimization improves timing on the net.
INFO: [Physopt 32-619] Estimated Timing Summary | WNS=-3.083 | TNS=-94.233 |
INFO: [Physopt 32-663] Processed net psdatabuff[7].  Re-placed instance psdatabuff_reg[7]
INFO: [Physopt 32-735] Processed net psdatabuff[7]. Optimization improves timing on the net.
INFO: [Physopt 32-619] Estimated Timing Summary | WNS=-3.022 | TNS=-93.704 |
INFO: [Physopt 32-663] Processed net psdatabuff[0].  Re-placed instance psdatabuff_reg[0]
INFO: [Physopt 32-735] Processed net psdatabuff[0]. Optimization improves timing on the net.
INFO: [Physopt 32-619] Estimated Timing Summary | WNS=-3.022 | TNS=-93.073 |
INFO: [Physopt 32-663] Processed net psdatabuff[1].  Re-placed instance psdatabuff_reg[1]
INFO: [Physopt 32-735] Processed net psdatabuff[1]. Optimization improves timing on the net.
INFO: [Physopt 32-619] Estimated Timing Summary | WNS=-3.022 | TNS=-92.631 |
INFO: [Physopt 32-663] Processed net psdatabuff[2].  Re-placed instance psdatabuff_reg[2]
INFO: [Physopt 32-735] Processed net psdatabuff[2]. Optimization improves timing on the net.
INFO: [Physopt 32-619] Estimated Timing Summary | WNS=-3.022 | TNS=-92.745 |
INFO: [Physopt 32-702] Processed net psdatabuff[3]. Optimizations did not improve timing on the net.
INFO: [Physopt 32-702] Processed net memoria/instruction[4]. Optimizations did not improve timing on the net.
INFO: [Physopt 32-702] Processed net processzor/data_path_loop[0].output_data.sy_kk_mux_lut/O5. Optimizations did not improve timing on the net.
INFO: [Physopt 32-702] Processed net processzor/write_strobe_flop_1[0]. Optimizations did not improve timing on the net.
INFO: [Physopt 32-702] Processed net processzor/lower_reg_banks/DOA0. Optimizations did not improve timing on the net.
INFO: [Physopt 32-702] Processed net clk_in_IBUF. Optimizations did not improve timing on the net.
INFO: [Physopt 32-702] Processed net clk_in. Optimizations did not improve timing on the net.
INFO: [Physopt 32-619] Estimated Timing Summary | WNS=-3.022 | TNS=-92.745 |
Netlist sorting complete. Time (s): cpu = 00:00:00 ; elapsed = 00:00:00.002 . Memory (MB): peak = 1951.809 ; gain = 0.000
Phase 3 Critical Path Optimization | Checksum: 1ff2b33b7

Time (s): cpu = 00:00:02 ; elapsed = 00:00:01 . Memory (MB): peak = 1951.809 ; gain = 0.000

Phase 4 Critical Path Optimization
INFO: [Physopt 32-619] Estimated Timing Summary | WNS=-3.022 | TNS=-92.745 |
INFO: [Physopt 32-702] Processed net psdatabuff[3]. Optimizations did not improve timing on the net.
INFO: [Physopt 32-702] Processed net memoria/instruction[4]. Optimizations did not improve timing on the net.
INFO: [Physopt 32-702] Processed net processzor/data_path_loop[0].output_data.sy_kk_mux_lut/O5. Optimizations did not improve timing on the net.
INFO: [Physopt 32-702] Processed net processzor/write_strobe_flop_1[0]. Optimizations did not improve timing on the net.
INFO: [Physopt 32-702] Processed net processzor/lower_reg_banks/DOA0. Optimizations did not improve timing on the net.
INFO: [Physopt 32-702] Processed net clk_in_IBUF. Optimizations did not improve timing on the net.
INFO: [Physopt 32-702] Processed net clk_in. Optimizations did not improve timing on the net.
INFO: [Physopt 32-702] Processed net psdatabuff[3]. Optimizations did not improve timing on the net.
INFO: [Physopt 32-702] Processed net memoria/instruction[4]. Optimizations did not improve timing on the net.
INFO: [Physopt 32-702] Processed net processzor/data_path_loop[0].output_data.sy_kk_mux_lut/O5. Optimizations did not improve timing on the net.
INFO: [Physopt 32-702] Processed net processzor/write_strobe_flop_1[0]. Optimizations did not improve timing on the net.
INFO: [Physopt 32-702] Processed net processzor/lower_reg_banks/DOA0. Optimizations did not improve timing on the net.
INFO: [Physopt 32-702] Processed net clk_in_IBUF. Optimizations did not improve timing on the net.
INFO: [Physopt 32-702] Processed net clk_in. Optimizations did not improve timing on the net.
INFO: [Physopt 32-619] Estimated Timing Summary | WNS=-3.022 | TNS=-92.745 |
Netlist sorting complete. Time (s): cpu = 00:00:00 ; elapsed = 00:00:00.001 . Memory (MB): peak = 1951.809 ; gain = 0.000
Phase 4 Critical Path Optimization | Checksum: 1ff2b33b7

Time (s): cpu = 00:00:02 ; elapsed = 00:00:02 . Memory (MB): peak = 1951.809 ; gain = 0.000
Netlist sorting complete. Time (s): cpu = 00:00:00 ; elapsed = 00:00:00 . Memory (MB): peak = 1951.809 ; gain = 0.000
INFO: [Physopt 32-603] Post Physical Optimization Timing Summary | WNS=-3.022 | TNS=-92.745 |

Summary of Physical Synthesis Optimizations
============================================


-------------------------------------------------------------------------------------------------------------------------------------------------------------
|  Optimization   |  WNS Gain (ns)  |  TNS Gain (ns)  |  Added Cells  |  Removed Cells  |  Optimized Cells/Nets  |  Dont Touch  |  Iterations  |  Elapsed   |
-------------------------------------------------------------------------------------------------------------------------------------------------------------
|  DSP Register   |          0.000  |          0.000  |            0  |              0  |                     0  |           0  |           1  |  00:00:00  |
|  Critical Path  |          0.277  |          5.348  |            0  |              0  |                    16  |           0  |           2  |  00:00:01  |
|  Total          |          0.277  |          5.348  |            0  |              0  |                    16  |           0  |           3  |  00:00:01  |
-------------------------------------------------------------------------------------------------------------------------------------------------------------


Netlist sorting complete. Time (s): cpu = 00:00:00 ; elapsed = 00:00:00 . Memory (MB): peak = 1951.809 ; gain = 0.000
Ending Physical Synthesis Task | Checksum: 1b7d6061e

Time (s): cpu = 00:00:02 ; elapsed = 00:00:02 . Memory (MB): peak = 1951.809 ; gain = 0.000
INFO: [Common 17-83] Releasing license: Implementation
176 Infos, 0 Warnings, 0 Critical Warnings and 0 Errors encountered.
phys_opt_design completed successfully
INFO: [Timing 38-480] Writing timing data to binary archive.
Wrote PlaceDB: Time (s): cpu = 00:00:00 ; elapsed = 00:00:00 . Memory (MB): peak = 1951.809 ; gain = 0.000
Write ShapeDB Complete: Time (s): cpu = 00:00:00 ; elapsed = 00:00:00.001 . Memory (MB): peak = 1951.809 ; gain = 0.000
Wrote PulsedLatchDB: Time (s): cpu = 00:00:00 ; elapsed = 00:00:00 . Memory (MB): peak = 1951.809 ; gain = 0.000
Writing XDEF routing.
Writing XDEF routing logical nets.
Writing XDEF routing special nets.
Wrote RouteStorage: Time (s): cpu = 00:00:01 ; elapsed = 00:00:00.018 . Memory (MB): peak = 1951.809 ; gain = 0.000
Wrote PlaceStorage: Time (s): cpu = 00:00:00 ; elapsed = 00:00:00.007 . Memory (MB): peak = 1951.809 ; gain = 0.000
Wrote Netlist Cache: Time (s): cpu = 00:00:00 ; elapsed = 00:00:00 . Memory (MB): peak = 1951.809 ; gain = 0.000
Wrote Device Cache: Time (s): cpu = 00:00:00 ; elapsed = 00:00:00.006 . Memory (MB): peak = 1951.809 ; gain = 0.000
Write Physdb Complete: Time (s): cpu = 00:00:01 ; elapsed = 00:00:00.037 . Memory (MB): peak = 1951.809 ; gain = 0.000
INFO: [Common 17-1381] The checkpoint 'C:/VivaldoFeladatok/Szamtek_III_ev/Ps_2/Ps_2.runs/impl_1/toplevel_physopt.dcp' has been generated.
Command: route_design
Attempting to get a license for feature 'Implementation' and/or device 'xc7z020'
INFO: [Common 17-349] Got license for feature 'Implementation' and/or device 'xc7z020'
INFO: [DRC 23-27] Running DRC with 2 threads
INFO: [Vivado_Tcl 4-198] DRC finished with 0 Errors
INFO: [Vivado_Tcl 4-199] Please refer to the DRC report (report_drc) for more information.


Starting Routing Task
INFO: [Route 35-254] Multithreading enabled for route_design using a maximum of 2 CPUs

Phase 1 Build RT Design
Checksum: PlaceDB: 2b9c82b0 ConstDB: 0 ShapeSum: ef513aa7 RouteDB: 15f972f0
Post Restoration Checksum: NetGraph: a20d24ef | NumContArr: 56c2abcc | Constraints: c2a8fa9d | Timing: c2a8fa9d
Phase 1 Build RT Design | Checksum: 27e21c5f5

Time (s): cpu = 00:00:34 ; elapsed = 00:00:34 . Memory (MB): peak = 1951.809 ; gain = 0.000

Phase 2 Router Initialization

Phase 2.1 Fix Topology Constraints
Phase 2.1 Fix Topology Constraints | Checksum: 27e21c5f5

Time (s): cpu = 00:00:34 ; elapsed = 00:00:34 . Memory (MB): peak = 1951.809 ; gain = 0.000

Phase 2.2 Pre Route Cleanup
Phase 2.2 Pre Route Cleanup | Checksum: 27e21c5f5

Time (s): cpu = 00:00:34 ; elapsed = 00:00:34 . Memory (MB): peak = 1951.809 ; gain = 0.000
 Number of Nodes with overlaps = 0

Phase 2.3 Update Timing
Phase 2.3 Update Timing | Checksum: 23c482a7c

Time (s): cpu = 00:00:34 ; elapsed = 00:00:35 . Memory (MB): peak = 1951.809 ; gain = 0.000
INFO: [Route 35-416] Intermediate Timing Summary | WNS=-2.987 | TNS=-118.839| WHS=-0.226 | THS=-14.290|


Phase 2.4 Soft Constraint Pins - Fast Budgeting
Phase 2.4 Soft Constraint Pins - Fast Budgeting | Checksum: 21f779bbe

Time (s): cpu = 00:00:35 ; elapsed = 00:00:35 . Memory (MB): peak = 1951.809 ; gain = 0.000

Router Utilization Summary
  Global Vertical Routing Utilization    = 0 %
  Global Horizontal Routing Utilization  = 0 %
  Routable Net Status*
  *Does not include unroutable nets such as driverless and loadless.
  Run report_route_status for detailed report.
  Number of Failed Nets               = 269
    (Failed Nets is the sum of unrouted and partially routed nets)
  Number of Unrouted Nets             = 269
  Number of Partially Routed Nets     = 0
  Number of Node Overlaps             = 0

Phase 2 Router Initialization | Checksum: 1c8bbe7cf

Time (s): cpu = 00:00:35 ; elapsed = 00:00:35 . Memory (MB): peak = 1951.809 ; gain = 0.000

Phase 3 Global Routing
Phase 3 Global Routing | Checksum: 1c8bbe7cf

Time (s): cpu = 00:00:35 ; elapsed = 00:00:35 . Memory (MB): peak = 1951.809 ; gain = 0.000

Phase 4 Initial Routing

Phase 4.1 Initial Net Routing Pass
Phase 4.1 Initial Net Routing Pass | Checksum: 1c777816f

Time (s): cpu = 00:00:35 ; elapsed = 00:00:36 . Memory (MB): peak = 1951.809 ; gain = 0.000
Phase 4 Initial Routing | Checksum: 1c777816f

Time (s): cpu = 00:00:35 ; elapsed = 00:00:36 . Memory (MB): peak = 1951.809 ; gain = 0.000

Phase 5 Rip-up And Reroute

Phase 5.1 Global Iteration 0
 Number of Nodes with overlaps = 39
 Number of Nodes with overlaps = 14
 Number of Nodes with overlaps = 10
 Number of Nodes with overlaps = 6
 Number of Nodes with overlaps = 3
 Number of Nodes with overlaps = 2
 Number of Nodes with overlaps = 0
INFO: [Route 35-416] Intermediate Timing Summary | WNS=-3.220 | TNS=-133.617| WHS=N/A    | THS=N/A    |

Phase 5.1 Global Iteration 0 | Checksum: 257f3410a

Time (s): cpu = 00:00:36 ; elapsed = 00:00:36 . Memory (MB): peak = 1951.809 ; gain = 0.000

Phase 5.2 Global Iteration 1
 Number of Nodes with overlaps = 13
 Number of Nodes with overlaps = 6
 Number of Nodes with overlaps = 2
 Number of Nodes with overlaps = 1
 Number of Nodes with overlaps = 0
INFO: [Route 35-416] Intermediate Timing Summary | WNS=-3.298 | TNS=-134.877| WHS=N/A    | THS=N/A    |

Phase 5.2 Global Iteration 1 | Checksum: 252048cb6

Time (s): cpu = 00:00:37 ; elapsed = 00:00:37 . Memory (MB): peak = 1951.809 ; gain = 0.000
Phase 5 Rip-up And Reroute | Checksum: 252048cb6

Time (s): cpu = 00:00:37 ; elapsed = 00:00:37 . Memory (MB): peak = 1951.809 ; gain = 0.000

Phase 6 Delay and Skew Optimization

Phase 6.1 Delay CleanUp

Phase 6.1.1 Update Timing
Phase 6.1.1 Update Timing | Checksum: 195519ae7

Time (s): cpu = 00:00:37 ; elapsed = 00:00:37 . Memory (MB): peak = 1951.809 ; gain = 0.000
INFO: [Route 35-416] Intermediate Timing Summary | WNS=-3.105 | TNS=-126.314| WHS=N/A    | THS=N/A    |

 Number of Nodes with overlaps = 0
Phase 6.1 Delay CleanUp | Checksum: 27c908729

Time (s): cpu = 00:00:37 ; elapsed = 00:00:37 . Memory (MB): peak = 1951.809 ; gain = 0.000

Phase 6.2 Clock Skew Optimization
Phase 6.2 Clock Skew Optimization | Checksum: 27c908729

Time (s): cpu = 00:00:37 ; elapsed = 00:00:37 . Memory (MB): peak = 1951.809 ; gain = 0.000
Phase 6 Delay and Skew Optimization | Checksum: 27c908729

Time (s): cpu = 00:00:37 ; elapsed = 00:00:37 . Memory (MB): peak = 1951.809 ; gain = 0.000

Phase 7 Post Hold Fix

Phase 7.1 Hold Fix Iter
INFO: [Route 35-416] Intermediate Timing Summary | WNS=-3.080 | TNS=-126.001| WHS=0.070  | THS=0.000  |

Phase 7.1 Hold Fix Iter | Checksum: 2b2272afa

Time (s): cpu = 00:00:37 ; elapsed = 00:00:37 . Memory (MB): peak = 1951.809 ; gain = 0.000
Phase 7 Post Hold Fix | Checksum: 2b2272afa

Time (s): cpu = 00:00:37 ; elapsed = 00:00:37 . Memory (MB): peak = 1951.809 ; gain = 0.000

Phase 8 Route finalize

Router Utilization Summary
  Global Vertical Routing Utilization    = 0.0676193 %
  Global Horizontal Routing Utilization  = 0.0742901 %
  Routable Net Status*
  *Does not include unroutable nets such as driverless and loadless.
  Run report_route_status for detailed report.
  Number of Failed Nets               = 0
    (Failed Nets is the sum of unrouted and partially routed nets)
  Number of Unrouted Nets             = 0
  Number of Partially Routed Nets     = 0
  Number of Node Overlaps             = 0


--GLOBAL Congestion:
Utilization threshold used for congestion level computation: 0.85
Congestion Report
North Dir 1x1 Area, Max Cong = 31.5315%, No Congested Regions.
South Dir 1x1 Area, Max Cong = 31.5315%, No Congested Regions.
East Dir 1x1 Area, Max Cong = 42.6471%, No Congested Regions.
West Dir 1x1 Area, Max Cong = 35.2941%, No Congested Regions.

------------------------------
Reporting congestion hotspots
------------------------------
Direction: North
----------------
Congested clusters found at Level 0
Effective congestion level: 0 Aspect Ratio: 1 Sparse Ratio: 0
Direction: South
----------------
Congested clusters found at Level 0
Effective congestion level: 0 Aspect Ratio: 1 Sparse Ratio: 0
Direction: East
----------------
Congested clusters found at Level 0
Effective congestion level: 0 Aspect Ratio: 1 Sparse Ratio: 0
Direction: West
----------------
Congested clusters found at Level 0
Effective congestion level: 0 Aspect Ratio: 1 Sparse Ratio: 0

Phase 8 Route finalize | Checksum: 2b2272afa

Time (s): cpu = 00:00:37 ; elapsed = 00:00:37 . Memory (MB): peak = 1951.809 ; gain = 0.000

Phase 9 Verifying routed nets

 Verification completed successfully
Phase 9 Verifying routed nets | Checksum: 2b2272afa

Time (s): cpu = 00:00:37 ; elapsed = 00:00:37 . Memory (MB): peak = 1951.809 ; gain = 0.000

Phase 10 Depositing Routes
Phase 10 Depositing Routes | Checksum: 2ba488cd7

Time (s): cpu = 00:00:37 ; elapsed = 00:00:37 . Memory (MB): peak = 1951.809 ; gain = 0.000

Phase 11 Post Process Routing
Phase 11 Post Process Routing | Checksum: 2ba488cd7

Time (s): cpu = 00:00:37 ; elapsed = 00:00:37 . Memory (MB): peak = 1951.809 ; gain = 0.000

Phase 12 Post Router Timing
INFO: [Route 35-57] Estimated Timing Summary | WNS=-3.080 | TNS=-126.001| WHS=0.070  | THS=0.000  |

WARNING: [Route 35-328] Router estimated timing not met.
Resolution: For a complete and accurate timing signoff, report_timing_summary must be run after route_design. Alternatively, route_design can be run with the -timing_summary option to enable a complete timing signoff at the end of route_design.
Phase 12 Post Router Timing | Checksum: 2ba488cd7

Time (s): cpu = 00:00:37 ; elapsed = 00:00:37 . Memory (MB): peak = 1951.809 ; gain = 0.000
Total Elapsed time in route_design: 37.199 secs

Phase 13 Post-Route Event Processing
Phase 13 Post-Route Event Processing | Checksum: 1526bb745

Time (s): cpu = 00:00:37 ; elapsed = 00:00:37 . Memory (MB): peak = 1951.809 ; gain = 0.000
INFO: [Route 35-16] Router Completed Successfully
Ending Routing Task | Checksum: 1526bb745

Time (s): cpu = 00:00:37 ; elapsed = 00:00:37 . Memory (MB): peak = 1951.809 ; gain = 0.000

Routing Is Done.
INFO: [Common 17-83] Releasing license: Implementation
191 Infos, 1 Warnings, 0 Critical Warnings and 0 Errors encountered.
route_design completed successfully
route_design: Time (s): cpu = 00:00:37 ; elapsed = 00:00:37 . Memory (MB): peak = 1951.809 ; gain = 0.000
INFO: [Vivado 12-24828] Executing command : report_drc -file toplevel_drc_routed.rpt -pb toplevel_drc_routed.pb -rpx toplevel_drc_routed.rpx
Command: report_drc -file toplevel_drc_routed.rpt -pb toplevel_drc_routed.pb -rpx toplevel_drc_routed.rpx
INFO: [IP_Flow 19-1839] IP Catalog is up to date.
INFO: [DRC 23-27] Running DRC with 2 threads
INFO: [Vivado_Tcl 2-168] The results of DRC are in file C:/VivaldoFeladatok/Szamtek_III_ev/Ps_2/Ps_2.runs/impl_1/toplevel_drc_routed.rpt.
report_drc completed successfully
INFO: [Vivado 12-24828] Executing command : report_methodology -file toplevel_methodology_drc_routed.rpt -pb toplevel_methodology_drc_routed.pb -rpx toplevel_methodology_drc_routed.rpx
Command: report_methodology -file toplevel_methodology_drc_routed.rpt -pb toplevel_methodology_drc_routed.pb -rpx toplevel_methodology_drc_routed.rpx
INFO: [Timing 38-35] Done setting XDC timing constraints.
INFO: [DRC 23-133] Running Methodology with 2 threads
INFO: [Vivado_Tcl 2-1520] The results of Report Methodology are in file C:/VivaldoFeladatok/Szamtek_III_ev/Ps_2/Ps_2.runs/impl_1/toplevel_methodology_drc_routed.rpt.
report_methodology completed successfully
INFO: [Vivado 12-24828] Executing command : report_timing_summary -max_paths 10 -routable_nets -report_unconstrained -file toplevel_timing_summary_routed.rpt -pb toplevel_timing_summary_routed.pb -rpx toplevel_timing_summary_routed.rpx -warn_on_violation 
INFO: [Timing 38-35] Done setting XDC timing constraints.
INFO: [Timing 38-91] UpdateTimingParams: Speed grade: -1, Delay Type: min_max.
INFO: [Timing 38-191] Multithreading enabled for timing update using a maximum of 2 CPUs
CRITICAL WARNING: [Timing 38-282] The design failed to meet the timing requirements. Please see the timing summary report for details on the timing violations.
INFO: [Vivado 12-24838] Running report commands "report_incremental_reuse, report_route_status" in parallel.
Running report generation with 2 threads.
INFO: [Vivado 12-24828] Executing command : report_route_status -file toplevel_route_status.rpt -pb toplevel_route_status.pb
INFO: [Vivado 12-24828] Executing command : report_incremental_reuse -file toplevel_incremental_reuse_routed.rpt
INFO: [Vivado_Tcl 4-1062] Incremental flow is disabled. No incremental reuse Info to report.
INFO: [Vivado 12-24828] Executing command : report_power -file toplevel_power_routed.rpt -pb toplevel_power_summary_routed.pb -rpx toplevel_power_routed.rpx
Command: report_power -file toplevel_power_routed.rpt -pb toplevel_power_summary_routed.pb -rpx toplevel_power_routed.rpx
Running Vector-less Activity Propagation...

Finished Running Vector-less Activity Propagation
208 Infos, 1 Warnings, 1 Critical Warnings and 0 Errors encountered.
report_power completed successfully
INFO: [Vivado 12-24828] Executing command : report_clock_utilization -file toplevel_clock_utilization_routed.rpt
INFO: [Vivado 12-24828] Executing command : report_bus_skew -warn_on_violation -file toplevel_bus_skew_routed.rpt -pb toplevel_bus_skew_routed.pb -rpx toplevel_bus_skew_routed.rpx
INFO: [Timing 38-91] UpdateTimingParams: Speed grade: -1, Delay Type: min_max.
INFO: [Timing 38-191] Multithreading enabled for timing update using a maximum of 2 CPUs
generate_parallel_reports: Time (s): cpu = 00:00:07 ; elapsed = 00:00:06 . Memory (MB): peak = 1951.809 ; gain = 0.000
INFO: [Timing 38-480] Writing timing data to binary archive.
Write ShapeDB Complete: Time (s): cpu = 00:00:00 ; elapsed = 00:00:00.002 . Memory (MB): peak = 1951.809 ; gain = 0.000
Wrote PlaceDB: Time (s): cpu = 00:00:00 ; elapsed = 00:00:00 . Memory (MB): peak = 1951.809 ; gain = 0.000
Wrote PulsedLatchDB: Time (s): cpu = 00:00:00 ; elapsed = 00:00:00 . Memory (MB): peak = 1951.809 ; gain = 0.000
Writing XDEF routing.
Writing XDEF routing logical nets.
Writing XDEF routing special nets.
Wrote RouteStorage: Time (s): cpu = 00:00:00 ; elapsed = 00:00:00.036 . Memory (MB): peak = 1951.809 ; gain = 0.000
Wrote PlaceStorage: Time (s): cpu = 00:00:00 ; elapsed = 00:00:00.016 . Memory (MB): peak = 1951.809 ; gain = 0.000
Wrote Netlist Cache: Time (s): cpu = 00:00:00 ; elapsed = 00:00:00 . Memory (MB): peak = 1951.809 ; gain = 0.000
Wrote Device Cache: Time (s): cpu = 00:00:00 ; elapsed = 00:00:00.012 . Memory (MB): peak = 1951.809 ; gain = 0.000
Write Physdb Complete: Time (s): cpu = 00:00:00 ; elapsed = 00:00:00.072 . Memory (MB): peak = 1951.809 ; gain = 0.000
INFO: [Common 17-1381] The checkpoint 'C:/VivaldoFeladatok/Szamtek_III_ev/Ps_2/Ps_2.runs/impl_1/toplevel_routed.dcp' has been generated.
Command: write_bitstream -force toplevel.bit
Attempting to get a license for feature 'Implementation' and/or device 'xc7z020'
INFO: [Common 17-349] Got license for feature 'Implementation' and/or device 'xc7z020'
Running DRC as a precondition to command write_bitstream
INFO: [IP_Flow 19-1839] IP Catalog is up to date.
INFO: [DRC 23-27] Running DRC with 2 threads
INFO: [Vivado 12-3199] DRC finished with 0 Errors
INFO: [Vivado 12-3200] Please refer to the DRC report (report_drc) for more information.
Integrating Hard IP ELF/MEM with the PDI.
INFO: [Designutils 20-2272] Running write_bitstream with 2 threads.
Loading data files...
Loading site data...
Loading route data...
Processing options...
Creating bitmap...
Creating bitstream...
Writing bitstream ./toplevel.bit...
INFO: [Vivado 12-1842] Bitgen Completed Successfully.
INFO: [Common 17-83] Releasing license: Implementation
222 Infos, 1 Warnings, 1 Critical Warnings and 0 Errors encountered.
write_bitstream completed successfully
write_bitstream: Time (s): cpu = 00:00:18 ; elapsed = 00:00:18 . Memory (MB): peak = 2184.766 ; gain = 232.957
INFO: [Common 17-206] Exiting Vivado at Mon Mar 23 10:10:48 2026...
