#-----------------------------------------------------------
# Vivado v2025.2 (64-bit)
# SW Build 6299465 on Fri Nov 14 19:35:11 GMT 2025
# IP Build 6300035 on Fri Nov 14 10:48:45 MST 2025
# SharedData Build 6298862 on Thu Nov 13 04:50:51 MST 2025
# Start of session at: Mon Mar 23 08:06:52 2026
# Process ID         : 23604
# Current directory  : C:/VivaldoFeladatok/Szamtek_III_ev/Ps_2
# Command line       : vivado.exe -gui_launcher_event rodinguilauncherevent23576 C:\VivaldoFeladatok\Szamtek_III_ev\Ps_2\Ps_2.xpr
# Log file           : C:/VivaldoFeladatok/Szamtek_III_ev/Ps_2/vivado.log
# Journal file       : C:/VivaldoFeladatok/Szamtek_III_ev/Ps_2\vivado.jou
# Running On         : DESKTOP-SGQVFU5
# Platform           : Windows Server 2016 or Windows 10
# Operating System   : 26200
# Processor Detail   : 13th Gen Intel(R) Core(TM) i7-13650HX
# CPU Frequency      : 2803 MHz
# CPU Physical cores : 14
# CPU Logical cores  : 20
# Host memory        : 16777 MB
# Swap memory        : 17179 MB
# Total Virtual      : 33957 MB
# Available Virtual  : 20732 MB
#-----------------------------------------------------------
start_gui
open_project C:/VivaldoFeladatok/Szamtek_III_ev/Ps_2/Ps_2.xpr
update_compile_order -fileset sources_1
reset_run synth_1
launch_runs impl_1 -to_step write_bitstream -jobs 20
wait_on_run impl_1
open_hw_manager
connect_hw_server -allow_non_jtag
open_hw_target
set_property PROGRAM.FILE {C:/VivaldoFeladatok/Szamtek_III_ev/Ps_2/Ps_2.runs/impl_1/toplevel.bit} [get_hw_devices xc7z020_1]
current_hw_device [get_hw_devices xc7z020_1]
refresh_hw_device -update_hw_probes false [lindex [get_hw_devices xc7z020_1] 0]
set_property PROBES.FILE {} [get_hw_devices xc7z020_1]
set_property FULL_PROBES.FILE {} [get_hw_devices xc7z020_1]
set_property PROGRAM.FILE {C:/VivaldoFeladatok/Szamtek_III_ev/Ps_2/Ps_2.runs/impl_1/toplevel.bit} [get_hw_devices xc7z020_1]
program_hw_devices [get_hw_devices xc7z020_1]
refresh_hw_device [lindex [get_hw_devices xc7z020_1] 0]
set_property PROBES.FILE {} [get_hw_devices xc7z020_1]
set_property FULL_PROBES.FILE {} [get_hw_devices xc7z020_1]
set_property PROGRAM.FILE {C:/VivaldoFeladatok/Szamtek_III_ev/Ps_2/Ps_2.runs/impl_1/toplevel.bit} [get_hw_devices xc7z020_1]
program_hw_devices [get_hw_devices xc7z020_1]
refresh_hw_device [lindex [get_hw_devices xc7z020_1] 0]
set_property PROBES.FILE {} [get_hw_devices xc7z020_1]
set_property FULL_PROBES.FILE {} [get_hw_devices xc7z020_1]
set_property PROGRAM.FILE {C:/VivaldoFeladatok/Szamtek_III_ev/Ps_2/Ps_2.runs/impl_1/toplevel.bit} [get_hw_devices xc7z020_1]
program_hw_devices [get_hw_devices xc7z020_1]
refresh_hw_device [lindex [get_hw_devices xc7z020_1] 0]
set_property PROBES.FILE {} [get_hw_devices xc7z020_1]
set_property FULL_PROBES.FILE {} [get_hw_devices xc7z020_1]
set_property PROGRAM.FILE {C:/VivaldoFeladatok/Szamtek_III_ev/Ps_2/Ps_2.runs/impl_1/toplevel.bit} [get_hw_devices xc7z020_1]
program_hw_devices [get_hw_devices xc7z020_1]
refresh_hw_device [lindex [get_hw_devices xc7z020_1] 0]
set_property PROBES.FILE {} [get_hw_devices xc7z020_1]
set_property FULL_PROBES.FILE {} [get_hw_devices xc7z020_1]
set_property PROGRAM.FILE {C:/VivaldoFeladatok/Szamtek_III_ev/Ps_2/Ps_2.runs/impl_1/toplevel.bit} [get_hw_devices xc7z020_1]
program_hw_devices [get_hw_devices xc7z020_1]
refresh_hw_device [lindex [get_hw_devices xc7z020_1] 0]
disconnect_hw_server localhost:3121
connect_hw_server -allow_non_jtag
open_hw_target
set_property PROGRAM.FILE {C:/VivaldoFeladatok/Szamtek_III_ev/Ps_2/Ps_2.runs/impl_1/toplevel.bit} [get_hw_devices xc7z020_1]
current_hw_device [get_hw_devices xc7z020_1]
refresh_hw_device -update_hw_probes false [lindex [get_hw_devices xc7z020_1] 0]
set_property PROBES.FILE {} [get_hw_devices xc7z020_1]
set_property FULL_PROBES.FILE {} [get_hw_devices xc7z020_1]
set_property PROGRAM.FILE {C:/VivaldoFeladatok/Szamtek_III_ev/Ps_2/Ps_2.runs/impl_1/toplevel.bit} [get_hw_devices xc7z020_1]
program_hw_devices [get_hw_devices xc7z020_1]
refresh_hw_device [lindex [get_hw_devices xc7z020_1] 0]
disconnect_hw_server localhost:3121
connect_hw_server -allow_non_jtag
open_hw_target
set_property PROGRAM.FILE {C:/VivaldoFeladatok/Szamtek_III_ev/Ps_2/Ps_2.runs/impl_1/toplevel.bit} [get_hw_devices xc7z020_1]
current_hw_device [get_hw_devices xc7z020_1]
refresh_hw_device -update_hw_probes false [lindex [get_hw_devices xc7z020_1] 0]
set_property PROBES.FILE {} [get_hw_devices xc7z020_1]
set_property FULL_PROBES.FILE {} [get_hw_devices xc7z020_1]
set_property PROGRAM.FILE {C:/VivaldoFeladatok/Szamtek_III_ev/Ps_2/Ps_2.runs/impl_1/toplevel.bit} [get_hw_devices xc7z020_1]
program_hw_devices [get_hw_devices xc7z020_1]
refresh_hw_device [lindex [get_hw_devices xc7z020_1] 0]
disconnect_hw_server localhost:3121
close_hw_manager
reset_run synth_1
launch_runs impl_1 -to_step write_bitstream -jobs 20
wait_on_run impl_1
open_run impl_1
open_hw_manager
connect_hw_server -allow_non_jtag
open_hw_target
set_property PROGRAM.FILE {C:/VivaldoFeladatok/Szamtek_III_ev/Ps_2/Ps_2.runs/impl_1/toplevel.bit} [get_hw_devices xc7z020_1]
current_hw_device [get_hw_devices xc7z020_1]
refresh_hw_device -update_hw_probes false [lindex [get_hw_devices xc7z020_1] 0]
set_property PROBES.FILE {} [get_hw_devices xc7z020_1]
set_property FULL_PROBES.FILE {} [get_hw_devices xc7z020_1]
set_property PROGRAM.FILE {C:/VivaldoFeladatok/Szamtek_III_ev/Ps_2/Ps_2.runs/impl_1/toplevel.bit} [get_hw_devices xc7z020_1]
program_hw_devices [get_hw_devices xc7z020_1]
refresh_hw_device [lindex [get_hw_devices xc7z020_1] 0]
reset_run synth_1
launch_runs impl_1 -to_step write_bitstream -jobs 20
wait_on_run impl_1
set_property PROBES.FILE {} [get_hw_devices xc7z020_1]
set_property FULL_PROBES.FILE {} [get_hw_devices xc7z020_1]
set_property PROGRAM.FILE {C:/VivaldoFeladatok/Szamtek_III_ev/Ps_2/Ps_2.runs/impl_1/toplevel.bit} [get_hw_devices xc7z020_1]
program_hw_devices [get_hw_devices xc7z020_1]
refresh_hw_device [lindex [get_hw_devices xc7z020_1] 0]
reset_run synth_1
launch_runs impl_1 -to_step write_bitstream -jobs 20
wait_on_run impl_1
disconnect_hw_server localhost:3121
connect_hw_server -allow_non_jtag
open_hw_target
set_property PROGRAM.FILE {C:/VivaldoFeladatok/Szamtek_III_ev/Ps_2/Ps_2.runs/impl_1/toplevel.bit} [get_hw_devices xc7z020_1]
current_hw_device [get_hw_devices xc7z020_1]
refresh_hw_device -update_hw_probes false [lindex [get_hw_devices xc7z020_1] 0]
set_property PROBES.FILE {} [get_hw_devices xc7z020_1]
set_property FULL_PROBES.FILE {} [get_hw_devices xc7z020_1]
set_property PROGRAM.FILE {C:/VivaldoFeladatok/Szamtek_III_ev/Ps_2/Ps_2.runs/impl_1/toplevel.bit} [get_hw_devices xc7z020_1]
program_hw_devices [get_hw_devices xc7z020_1]
refresh_hw_device [lindex [get_hw_devices xc7z020_1] 0]
disconnect_hw_server localhost:3121
close_hw_manager
export_ip_user_files -of_objects  [get_files C:/VivaldoFeladatok/Szamtek_III_ev/Ps_2/Ps_2.srcs/sources_1/imports/Downloads/prog_memory.vhd] -no_script -reset -force -quiet
remove_files  C:/VivaldoFeladatok/Szamtek_III_ev/Ps_2/Ps_2.srcs/sources_1/imports/Downloads/prog_memory.vhd
file delete -force C:/VivaldoFeladatok/Szamtek_III_ev/Ps_2/Ps_2.srcs/sources_1/imports/Downloads/prog_memory.vhd
add_files -norecurse -scan_for_includes {{C:/Users/Ivacson Attila/Downloads/prog_memory.vhd}}
import_files -norecurse {{C:/Users/Ivacson Attila/Downloads/prog_memory.vhd}}
update_compile_order -fileset sources_1
reset_run synth_1
launch_runs impl_1 -to_step write_bitstream -jobs 20
wait_on_run impl_1
open_hw_manager
connect_hw_server -allow_non_jtag
open_hw_target
set_property PROGRAM.FILE {C:/VivaldoFeladatok/Szamtek_III_ev/Ps_2/Ps_2.runs/impl_1/toplevel.bit} [get_hw_devices xc7z020_1]
current_hw_device [get_hw_devices xc7z020_1]
refresh_hw_device -update_hw_probes false [lindex [get_hw_devices xc7z020_1] 0]
set_property PROBES.FILE {} [get_hw_devices xc7z020_1]
set_property FULL_PROBES.FILE {} [get_hw_devices xc7z020_1]
set_property PROGRAM.FILE {C:/VivaldoFeladatok/Szamtek_III_ev/Ps_2/Ps_2.runs/impl_1/toplevel.bit} [get_hw_devices xc7z020_1]
program_hw_devices [get_hw_devices xc7z020_1]
refresh_hw_device [lindex [get_hw_devices xc7z020_1] 0]
disconnect_hw_server localhost:3121
close_hw_manager
export_ip_user_files -of_objects  [get_files C:/VivaldoFeladatok/Szamtek_III_ev/Ps_2/Ps_2.srcs/sources_1/imports/Downloads/prog_memory.vhd] -no_script -reset -force -quiet
remove_files  C:/VivaldoFeladatok/Szamtek_III_ev/Ps_2/Ps_2.srcs/sources_1/imports/Downloads/prog_memory.vhd
file delete -force C:/VivaldoFeladatok/Szamtek_III_ev/Ps_2/Ps_2.srcs/sources_1/imports/Downloads/prog_memory.vhd
add_files -norecurse -scan_for_includes {{C:/Users/Ivacson Attila/Downloads/prog_memory.vhd}}
import_files -norecurse {{C:/Users/Ivacson Attila/Downloads/prog_memory.vhd}}
update_compile_order -fileset sources_1
reset_run synth_1
launch_runs impl_1 -to_step write_bitstream -jobs 20
wait_on_run impl_1
open_hw_manager
connect_hw_server -allow_non_jtag
open_hw_target
set_property PROGRAM.FILE {C:/VivaldoFeladatok/Szamtek_III_ev/Ps_2/Ps_2.runs/impl_1/toplevel.bit} [get_hw_devices xc7z020_1]
current_hw_device [get_hw_devices xc7z020_1]
refresh_hw_device -update_hw_probes false [lindex [get_hw_devices xc7z020_1] 0]
set_property PROBES.FILE {} [get_hw_devices xc7z020_1]
set_property FULL_PROBES.FILE {} [get_hw_devices xc7z020_1]
set_property PROGRAM.FILE {C:/VivaldoFeladatok/Szamtek_III_ev/Ps_2/Ps_2.runs/impl_1/toplevel.bit} [get_hw_devices xc7z020_1]
program_hw_devices [get_hw_devices xc7z020_1]
refresh_hw_device [lindex [get_hw_devices xc7z020_1] 0]
close_hw_manager
export_ip_user_files -of_objects  [get_files C:/VivaldoFeladatok/Szamtek_III_ev/Ps_2/Ps_2.srcs/sources_1/imports/Downloads/prog_memory.vhd] -no_script -reset -force -quiet
remove_files  C:/VivaldoFeladatok/Szamtek_III_ev/Ps_2/Ps_2.srcs/sources_1/imports/Downloads/prog_memory.vhd
file delete -force C:/VivaldoFeladatok/Szamtek_III_ev/Ps_2/Ps_2.srcs/sources_1/imports/Downloads/prog_memory.vhd
add_files -norecurse -scan_for_includes {{C:/Users/Ivacson Attila/Downloads/prog_memory.vhd}}
import_files -norecurse {{C:/Users/Ivacson Attila/Downloads/prog_memory.vhd}}
update_compile_order -fileset sources_1
reset_run synth_1
launch_runs impl_1 -to_step write_bitstream -jobs 20
wait_on_run impl_1
open_hw_manager
connect_hw_server -allow_non_jtag
open_hw_target
set_property PROGRAM.FILE {C:/VivaldoFeladatok/Szamtek_III_ev/Ps_2/Ps_2.runs/impl_1/toplevel.bit} [get_hw_devices xc7z020_1]
current_hw_device [get_hw_devices xc7z020_1]
refresh_hw_device -update_hw_probes false [lindex [get_hw_devices xc7z020_1] 0]
set_property PROBES.FILE {} [get_hw_devices xc7z020_1]
set_property FULL_PROBES.FILE {} [get_hw_devices xc7z020_1]
set_property PROGRAM.FILE {C:/VivaldoFeladatok/Szamtek_III_ev/Ps_2/Ps_2.runs/impl_1/toplevel.bit} [get_hw_devices xc7z020_1]
program_hw_devices [get_hw_devices xc7z020_1]
refresh_hw_device [lindex [get_hw_devices xc7z020_1] 0]
disconnect_hw_server localhost:3121
