Copyright 1986-2022 Xilinx, Inc. All Rights Reserved. Copyright 2022-2025 Advanced Micro Devices, Inc. All Rights Reserved.
---------------------------------------------------------------------------------------------------------------------------------------------
| Tool Version : Vivado v.2025.2 (win64) Build 6299465 Fri Nov 14 19:35:11 GMT 2025
| Date         : Tue Apr 21 11:58:05 2026
| Host         : DESKTOP-SGQVFU5 running 64-bit major release  (build 9200)
| Command      : report_control_sets -verbose -file toplevel_control_sets_placed.rpt
| Design       : toplevel
| Device       : xc7z020
---------------------------------------------------------------------------------------------------------------------------------------------

Control Set Information

Table of Contents
-----------------
1. Summary
2. Histogram
3. Flip-Flop Distribution
4. Detailed Control Set Information

1. Summary
----------

+----------------------------------------------------------+-------+
|                          Status                          | Count |
+----------------------------------------------------------+-------+
| Total control sets                                       |    21 |
|    Minimum number of control sets                        |    21 |
|    Addition due to synthesis replication                 |     0 |
|    Addition due to physical synthesis replication        |     0 |
| Unused register locations in slices containing registers |    65 |
+----------------------------------------------------------+-------+
* Control sets can be merged at opt_design using control_set_merge or merge_equivalent_drivers
** Run report_qor_suggestions for automated merging and remapping suggestions


2. Histogram
------------

+--------------------+-------+
|       Fanout       | Count |
+--------------------+-------+
| Total control sets |    21 |
| >= 0 to < 4        |     7 |
| >= 4 to < 6        |     3 |
| >= 6 to < 8        |     2 |
| >= 8 to < 10       |     5 |
| >= 10 to < 12      |     0 |
| >= 12 to < 14      |     1 |
| >= 14 to < 16      |     0 |
| >= 16              |     3 |
+--------------------+-------+
* Control sets can be remapped at either synth_design or opt_design


3. Flip-Flop Distribution
-------------------------

+--------------+-----------------------+------------------------+-----------------+--------------+
| Clock Enable | Synchronous Set/Reset | Asynchronous Set/Reset | Total Registers | Total Slices |
+--------------+-----------------------+------------------------+-----------------+--------------+
| No           | No                    | No                     |              77 |           25 |
| No           | No                    | Yes                    |               0 |            0 |
| No           | Yes                   | No                     |              32 |           15 |
| Yes          | No                    | No                     |              21 |            7 |
| Yes          | No                    | Yes                    |               0 |            0 |
| Yes          | Yes                   | No                     |              21 |            6 |
+--------------+-----------------------+------------------------+-----------------+--------------+


4. Detailed Control Set Information
-----------------------------------

+-------------------+-------------------------------------------------------------+-----------------------------+------------------+----------------+--------------+
|    Clock Signal   |                        Enable Signal                        |       Set/Reset Signal      | Slice Load Count | Bel Load Count | Bels / Slice |
+-------------------+-------------------------------------------------------------+-----------------------------+------------------+----------------+--------------+
|  clk_in_IBUF_BUFG |                                                             | data_inter0                 |                1 |              1 |         1.00 |
|  clk_in_IBUF_BUFG | clk_inter0                                                  |                             |                1 |              1 |         1.00 |
|  clk_in_IBUF_BUFG | data_inter0                                                 |                             |                1 |              1 |         1.00 |
| ~clk_in_IBUF_BUFG |                                                             |                             |                1 |              1 |         1.00 |
|  clk_in_IBUF_BUFG | processzor/flag_enable                                      | processzor/internal_reset   |                1 |              2 |         2.00 |
|  clk_in_IBUF_BUFG | sel                                                         | data_inter0                 |                1 |              3 |         3.00 |
| ~clk_in_IBUF_BUFG | processzor/data_path_loop[0].output_data.sy_kk_mux_lut_1[0] |                             |                1 |              3 |         3.00 |
|  clk_in_IBUF_BUFG | clk_count[4]_i_1_n_0                                        | clk_inter0                  |                1 |              4 |         4.00 |
|  clk_in_IBUF_BUFG |                                                             | reset_IBUF                  |                2 |              5 |         2.50 |
|  clk_in_IBUF_BUFG |                                                             | processzor/active_interrupt |                1 |              5 |         5.00 |
|  clk_in_IBUF_BUFG |                                                             | processzor/internal_reset   |                3 |              6 |         2.00 |
|  clk_in_IBUF_BUFG |                                                             | baud_count[6]_i_1_n_0       |                2 |              7 |         3.50 |
|  clk_in_IBUF_BUFG |                                                             | memoria/instruction[7]      |                6 |              8 |         1.33 |
|  clk_in_IBUF_BUFG | processzor/buffer_write                                     |                             |                1 |              8 |         8.00 |
|  clk_in_IBUF_BUFG | processzor/spm_enable                                       |                             |                2 |              8 |         4.00 |
| ~clk_in_IBUF_BUFG | processzor/E[0]                                             |                             |                2 |              8 |         4.00 |
| ~clk_in_IBUF_BUFG | processzor/data_path_loop[0].output_data.sy_kk_mux_lut_0[0] |                             |                2 |              8 |         4.00 |
|  clk_in_IBUF_BUFG | processzor/WE                                               | processzor/internal_reset   |                3 |             12 |         4.00 |
|  clk_in_IBUF_BUFG | processzor/WE                                               |                             |                2 |             16 |         8.00 |
|  clk_in_IBUF_BUFG | processzor/register_enable                                  |                             |                2 |             16 |         8.00 |
|  clk_in_IBUF_BUFG |                                                             |                             |               24 |             76 |         3.17 |
+-------------------+-------------------------------------------------------------+-----------------------------+------------------+----------------+--------------+


